sources/app/shell.cpp:157:7:char* str_parser_get_attr(uint8_t)	0	static
sources/app/shell.cpp:388:9:int32_t shell_stt(uint8_t*)	0	static
sources/app/shell.cpp:876:9:int32_t shell_psv(uint8_t*)	0	static
sources/app/shell.cpp:168:9:int32_t shell_reset(uint8_t*)	8	static
sources/app/shell.cpp:207:9:int32_t shell_help(uint8_t*)	16	static
sources/app/shell.cpp:952:9:int32_t shell_hello(uint8_t*)	8	static
sources/app/shell.cpp:174:9:int32_t shell_ver(uint8_t*)	40	static
sources/app/shell.cpp:221:9:int32_t shell_reboot(uint8_t*)	8	static
sources/app/shell.cpp:131:9:uint8_t str_parser(char*)	24	static
sources/app/shell.cpp:228:9:int32_t shell_fatal(uint8_t*)	128	static
sources/app/shell.cpp:451:9:int32_t shell_flash(uint8_t*)	32	static
sources/app/shell.cpp:398:9:int32_t shell_eps(uint8_t*)	24	static
sources/app/shell.cpp:644:9:int32_t shell_ram(uint8_t*)	24	static
sources/app/shell.cpp:793:9:int32_t shell_boot(uint8_t*)	104	static
sources/app/shell.cpp:859:9:int32_t shell_fwu(uint8_t*)	96	static
sources/app/shell.cpp:882:9:int32_t shell_buzzer(uint8_t*)	8	static
sources/app/shell.cpp:605:9:int32_t shell_dbg(uint8_t*)	8	static
sources/app/shell.cpp:922:9:int32_t shell_modbus(uint8_t*)	24	static
sources/app/shell.cpp:393:9:int32_t shell_epi(uint8_t*)	0	static
sources/app/shell.cpp:524:9:int32_t shell_lcd(uint8_t*)	8	static
