sources/app/shell.cpp:158:7:char* str_parser_get_attr(uint8_t)	0	static
sources/app/shell.cpp:434:9:int32_t shell_stt(uint8_t*)	0	static
sources/app/shell.cpp:922:9:int32_t shell_psv(uint8_t*)	0	static
sources/app/shell.cpp:168:9:int32_t shell_chat(uint8_t*)	56	static
sources/app/shell.cpp:214:9:int32_t shell_reset(uint8_t*)	8	static
sources/app/shell.cpp:253:9:int32_t shell_help(uint8_t*)	16	static
sources/app/shell.cpp:220:9:int32_t shell_ver(uint8_t*)	40	static
sources/app/shell.cpp:267:9:int32_t shell_reboot(uint8_t*)	8	static
sources/app/shell.cpp:132:9:uint8_t str_parser(char*)	24	static
sources/app/shell.cpp:274:9:int32_t shell_fatal(uint8_t*)	128	static
sources/app/shell.cpp:497:9:int32_t shell_flash(uint8_t*)	32	static
sources/app/shell.cpp:444:9:int32_t shell_eps(uint8_t*)	24	static
sources/app/shell.cpp:690:9:int32_t shell_ram(uint8_t*)	24	static
sources/app/shell.cpp:839:9:int32_t shell_boot(uint8_t*)	104	static
sources/app/shell.cpp:905:9:int32_t shell_fwu(uint8_t*)	96	static
sources/app/shell.cpp:928:9:int32_t shell_buzzer(uint8_t*)	8	static
sources/app/shell.cpp:651:9:int32_t shell_dbg(uint8_t*)	8	static
sources/app/shell.cpp:968:9:int32_t shell_modbus(uint8_t*)	24	static
sources/app/shell.cpp:439:9:int32_t shell_epi(uint8_t*)	0	static
sources/app/shell.cpp:570:9:int32_t shell_lcd(uint8_t*)	8	static
