Archive member included to satisfy reference by file (symbol)

/home/buu/Workspace/Tools/gcc-arm-none-eabi-10.3-2021.10/arm-none-eabi/lib/thumb/v7-m/nofp/libc.a(lib_a-atof.o)
                              build_ak-base-kit-stm32l151-application/WString.o (atof)
/home/buu/Workspace/Tools/gcc-arm-none-eabi-10.3-2021.10/arm-none-eabi/lib/thumb/v7-m/nofp/libc.a(lib_a-atol.o)
                              build_ak-base-kit-stm32l151-application/WString.o (atol)
/home/buu/Workspace/Tools/gcc-arm-none-eabi-10.3-2021.10/arm-none-eabi/lib/thumb/v7-m/nofp/libc.a(lib_a-isspace.o)
                              build_ak-base-kit-stm32l151-application/WString.o (isspace)
/home/buu/Workspace/Tools/gcc-arm-none-eabi-10.3-2021.10/arm-none-eabi/lib/thumb/v7-m/nofp/libc.a(lib_a-malloc.o)
                              build_ak-base-kit-stm32l151-application/message.o (malloc)
/home/buu/Workspace/Tools/gcc-arm-none-eabi-10.3-2021.10/arm-none-eabi/lib/thumb/v7-m/nofp/libc.a(lib_a-mallocr.o)
                              /home/buu/Workspace/Tools/gcc-arm-none-eabi-10.3-2021.10/arm-none-eabi/lib/thumb/v7-m/nofp/libc.a(lib_a-malloc.o) (_malloc_r)
/home/buu/Workspace/Tools/gcc-arm-none-eabi-10.3-2021.10/arm-none-eabi/lib/thumb/v7-m/nofp/libc.a(lib_a-memcmp.o)
                              build_ak-base-kit-stm32l151-application/mbmfuncfiles.o (memcmp)
/home/buu/Workspace/Tools/gcc-arm-none-eabi-10.3-2021.10/arm-none-eabi/lib/thumb/v7-m/nofp/libc.a(lib_a-memcpy.o)
                              build_ak-base-kit-stm32l151-application/message.o (memcpy)
/home/buu/Workspace/Tools/gcc-arm-none-eabi-10.3-2021.10/arm-none-eabi/lib/thumb/v7-m/nofp/libc.a(lib_a-memmove.o)
                              build_ak-base-kit-stm32l151-application/WString.o (memmove)
/home/buu/Workspace/Tools/gcc-arm-none-eabi-10.3-2021.10/arm-none-eabi/lib/thumb/v7-m/nofp/libc.a(lib_a-memset.o)
                              build_ak-base-kit-stm32l151-application/task.o (memset)
/home/buu/Workspace/Tools/gcc-arm-none-eabi-10.3-2021.10/arm-none-eabi/lib/thumb/v7-m/nofp/libc.a(lib_a-mlock.o)
                              /home/buu/Workspace/Tools/gcc-arm-none-eabi-10.3-2021.10/arm-none-eabi/lib/thumb/v7-m/nofp/libc.a(lib_a-mallocr.o) (__malloc_lock)
/home/buu/Workspace/Tools/gcc-arm-none-eabi-10.3-2021.10/arm-none-eabi/lib/thumb/v7-m/nofp/libc.a(lib_a-rand.o)
                              build_ak-base-kit-stm32l151-application/WMath.o (srand)
/home/buu/Workspace/Tools/gcc-arm-none-eabi-10.3-2021.10/arm-none-eabi/lib/thumb/v7-m/nofp/libc.a(lib_a-realloc.o)
                              build_ak-base-kit-stm32l151-application/WString.o (realloc)
/home/buu/Workspace/Tools/gcc-arm-none-eabi-10.3-2021.10/arm-none-eabi/lib/thumb/v7-m/nofp/libc.a(lib_a-reallocr.o)
                              /home/buu/Workspace/Tools/gcc-arm-none-eabi-10.3-2021.10/arm-none-eabi/lib/thumb/v7-m/nofp/libc.a(lib_a-realloc.o) (_realloc_r)
/home/buu/Workspace/Tools/gcc-arm-none-eabi-10.3-2021.10/arm-none-eabi/lib/thumb/v7-m/nofp/libc.a(lib_a-sbrkr.o)
                              /home/buu/Workspace/Tools/gcc-arm-none-eabi-10.3-2021.10/arm-none-eabi/lib/thumb/v7-m/nofp/libc.a(lib_a-mallocr.o) (_sbrk_r)
/home/buu/Workspace/Tools/gcc-arm-none-eabi-10.3-2021.10/arm-none-eabi/lib/thumb/v7-m/nofp/libc.a(lib_a-snprintf.o)
                              build_ak-base-kit-stm32l151-application/scr_nf24.o (snprintf)
/home/buu/Workspace/Tools/gcc-arm-none-eabi-10.3-2021.10/arm-none-eabi/lib/thumb/v7-m/nofp/libc.a(lib_a-strcat.o)
                              build_ak-base-kit-stm32l151-application/dtostrf.o (strcat)
/home/buu/Workspace/Tools/gcc-arm-none-eabi-10.3-2021.10/arm-none-eabi/lib/thumb/v7-m/nofp/libc.a(lib_a-strchr.o)
                              build_ak-base-kit-stm32l151-application/WString.o (strchr)
/home/buu/Workspace/Tools/gcc-arm-none-eabi-10.3-2021.10/arm-none-eabi/lib/thumb/v7-m/nofp/libc.a(lib_a-strcmp.o)
                              build_ak-base-kit-stm32l151-application/cmd_line.o (strcmp)
/home/buu/Workspace/Tools/gcc-arm-none-eabi-10.3-2021.10/arm-none-eabi/lib/thumb/v7-m/nofp/libc.a(lib_a-strcpy.o)
                              build_ak-base-kit-stm32l151-application/sys_dbg.o (strcpy)
/home/buu/Workspace/Tools/gcc-arm-none-eabi-10.3-2021.10/arm-none-eabi/lib/thumb/v7-m/nofp/libc.a(lib_a-strlen-stub.o)
                              build_ak-base-kit-stm32l151-application/xprintf.o (strlen)
/home/buu/Workspace/Tools/gcc-arm-none-eabi-10.3-2021.10/arm-none-eabi/lib/thumb/v7-m/nofp/libc.a(lib_a-strncmp.o)
                              build_ak-base-kit-stm32l151-application/WString.o (strncmp)
/home/buu/Workspace/Tools/gcc-arm-none-eabi-10.3-2021.10/arm-none-eabi/lib/thumb/v7-m/nofp/libc.a(lib_a-strncpy.o)
                              build_ak-base-kit-stm32l151-application/WString.o (strncpy)
/home/buu/Workspace/Tools/gcc-arm-none-eabi-10.3-2021.10/arm-none-eabi/lib/thumb/v7-m/nofp/libc.a(lib_a-strrchr.o)
[...]
Memory Configuration

Name             Origin             Length             Attributes
BSF              0x0000000008002000 0x0000000000001000 xr
FLASH            0x0000000008003000 0x000000000001d000 xr
SRAM             0x0000000020000000 0x0000000000004000 xrw
*default*        0x0000000000000000 0xffffffffffffffff

Linker script and memory map

                0x0000000000000800                HEAP_SIZE = 0x800

.start_boot_share_data_flash
                0x0000000008002000        0x0
                0x0000000008002000                _start_boot_share_data_flash = .

.start_flash    0x0000000008003000        0x0
                0x0000000008003000                _start_flash = .

.isr_vector     0x0000000008003000       0xf4
                0x0000000008003000                _isr_vector = .
 *(.isr_vector)
 .isr_vector    0x0000000008003000       0xf4 build_ak-base-kit-stm32l151-application/system.o
                0x0000000008003000                isr_vector
                0x00000000080030f4                . = ALIGN (0x4)

.text           0x00000000080030f8    0x13e14
                0x00000000080030f8                . = ALIGN (0x4)
 *(.text)
 .text          0x00000000080030f8       0xec /home/buu/Workspace/Tools/gcc-arm-none-eabi-10.3-2021.10/arm-none-eabi/lib/thumb/v7-m/nofp/libc.a(lib_a-memcpy.o)
                0x00000000080030f8                memcpy
 .text          0x00000000080031e4      0x1bc /home/buu/Workspace/Tools/gcc-arm-none-eabi-10.3-2021.10/arm-none-eabi/lib/thumb/v7-m/nofp/libc.a(lib_a-strcmp.o)
                0x00000000080031e4                strcmp
 .text          0x00000000080033a0      0x378 /home/buu/Workspace/Tools/gcc-arm-none-eabi-10.3-2021.10/lib/gcc/arm-none-eabi/10.3.1/thumb/v7-m/nofp/libgcc.a(_arm_addsubdf3.o)
                0x00000000080033a0                __aeabi_drsub
                0x00000000080033a8                __aeabi_dsub
                0x00000000080033a8                __subdf3
                0x00000000080033ac                __adddf3
                0x00000000080033ac                __aeabi_dadd
                0x0000000008003624                __aeabi_ui2d
                0x0000000008003624                __floatunsidf
                0x0000000008003644                __floatsidf
                0x0000000008003644                __aeabi_i2d
                0x0000000008003668                __extendsfdf2
                0x0000000008003668                __aeabi_f2d
                0x00000000080036ac                __aeabi_ul2d
                0x00000000080036ac                __floatundidf
                0x00000000080036bc                __floatdidf
                0x00000000080036bc                __aeabi_l2d
 .text          0x0000000008003718      0x424 /home/buu/Workspace/Tools/gcc-arm-none-eabi-10.3-2021.10/lib/gcc/arm-none-eabi/10.3.1/thumb/v7-m/nofp/libgcc.a(_arm_muldivdf3.o)
                0x0000000008003718                __aeabi_dmul
                0x0000000008003718                __muldf3
                0x000000000800396c                __aeabi_ddiv
                0x000000000800396c                __divdf3
 .text          0x0000000008003b3c      0x110 /home/buu/Workspace/Tools/gcc-arm-none-eabi-10.3-2021.10/lib/gcc/arm-none-eabi/10.3.1/thumb/v7-m/nofp/libgcc.a(_arm_cmpdf2.o)
                0x0000000008003b3c                __gtdf2
                0x0000000008003b3c                __gedf2
                0x0000000008003b44                __ltdf2
                0x0000000008003b44                __ledf2
                0x0000000008003b4c                __cmpdf2
                0x0000000008003b4c                __eqdf2
                0x0000000008003b4c                __nedf2
                0x0000000008003bc8                __aeabi_cdrcmple
                0x0000000008003bd8                __aeabi_cdcmple
                0x0000000008003bd8                __aeabi_cdcmpeq
                0x0000000008003be8                __aeabi_dcmpeq
                0x0000000008003bfc                __aeabi_dcmplt
                0x0000000008003c10                __aeabi_dcmple
                0x0000000008003c24                __aeabi_dcmpge
                0x0000000008003c38                __aeabi_dcmpgt
 .text          0x0000000008003c4c       0x2c /home/buu/Workspace/Tools/gcc-arm-none-eabi-10.3-2021.10/lib/gcc/arm-none-eabi/10.3.1/thumb/v7-m/nofp/libgcc.a(_arm_unorddf2.o)
                0x0000000008003c4c                __aeabi_dcmpun
                0x0000000008003c4c                __unorddf2
 .text          0x0000000008003c78       0x50 /home/buu/Workspace/Tools/gcc-arm-none-eabi-10.3-2021.10/lib/gcc/arm-none-eabi/10.3.1/thumb/v7-m/nofp/libgcc.a(_arm_fixdfsi.o)
                0x0000000008003c78                __fixdfsi
                0x0000000008003c78                __aeabi_d2iz
 .text          0x0000000008003cc8       0x40 /home/buu/Workspace/Tools/gcc-arm-none-eabi-10.3-2021.10/lib/gcc/arm-none-eabi/10.3.1/thumb/v7-m/nofp/libgcc.a(_arm_fixunsdfsi.o)
                0x0000000008003cc8                __fixunsdfsi
                0x0000000008003cc8                __aeabi_d2uiz
 .text          0x0000000008003d08      0x21c /home/buu/Workspace/Tools/gcc-arm-none-eabi-10.3-2021.10/lib/gcc/arm-none-eabi/10.3.1/thumb/v7-m/nofp/libgcc.a(_arm_addsubsf3.o)
                0x0000000008003d08                __aeabi_frsub
                0x0000000008003d10                __subsf3
                0x0000000008003d10                __aeabi_fsub
                0x0000000008003d14                __aeabi_fadd
                0x0000000008003d14                __addsf3
                0x0000000008003e74                __aeabi_ui2f
                0x0000000008003e74                __floatunsisf
                0x0000000008003e7c                __aeabi_i2f
                0x0000000008003e7c                __floatsisf
                0x0000000008003e98                __floatundisf
                0x0000000008003e98                __aeabi_ul2f
                0x0000000008003ea8                __floatdisf
                0x0000000008003ea8                __aeabi_l2f
 .text          0x0000000008003f24       0x30 /home/buu/Workspace/Tools/gcc-arm-none-eabi-10.3-2021.10/lib/gcc/arm-none-eabi/10.3.1/thumb/v7-m/nofp/libgcc.a(_aeabi_uldivmod.o)
                0x0000000008003f24                __aeabi_uldivmod
 .text          0x0000000008003f54      0x2d4 /home/buu/Workspace/Tools/gcc-arm-none-eabi-10.3-2021.10/lib/gcc/arm-none-eabi/10.3.1/thumb/v7-m/nofp/libgcc.a(_udivmoddi4.o)
                0x0000000008003f54                __udivmoddi4
 .text          0x0000000008004228        0x4 /home/buu/Workspace/Tools/gcc-arm-none-eabi-10.3-2021.10/lib/gcc/arm-none-eabi/10.3.1/thumb/v7-m/nofp/libgcc.a(_dvmd_tls.o)
                0x0000000008004228                __aeabi_ldiv0
                0x0000000008004228                __aeabi_idiv0
 *(.text*)
 .text.fsm_dispatch
                0x000000000800422c        0x6 build_ak-base-kit-stm32l151-application/fsm.o
                0x000000000800422c                fsm_dispatch
 *fill*         0x0000000008004232        0x2 
 .text.task_create
                0x0000000008004234       0x3c build_ak-base-kit-stm32l151-application/task.o
                0x0000000008004234                task_create
 .text.task_polling_create
                0x0000000008004270       0x34 build_ak-base-kit-stm32l151-application/task.o
                0x0000000008004270                task_polling_create
 .text.task_post
                0x00000000080042a4       0x84 build_ak-base-kit-stm32l151-application/task.o
                0x00000000080042a4                task_post
 .text.task_remove_msg
                0x0000000008004328       0xb4 build_ak-base-kit-stm32l151-application/task.o
                0x0000000008004328                task_remove_msg
 .text.task_post_pure_msg
                0x00000000080043dc       0x18 build_ak-base-kit-stm32l151-application/task.o
                0x00000000080043dc                task_post_pure_msg
 .text.task_post_common_msg
                0x00000000080043f4       0x2a build_ak-base-kit-stm32l151-application/task.o
                0x00000000080043f4                task_post_common_msg
 *fill*         0x000000000800441e        0x2 
 .text.task_entry_interrupt
                0x0000000008004420       0x1c build_ak-base-kit-stm32l151-application/task.o
                0x0000000008004420                task_entry_interrupt
 .text.task_exit_interrupt
                0x000000000800443c       0x24 build_ak-base-kit-stm32l151-application/task.o
                0x000000000800443c                task_exit_interrupt
 .text.task_init
                0x0000000008004460       0x40 build_ak-base-kit-stm32l151-application/task.o
                0x0000000008004460                task_init
 .text.task_polling_run
                0x00000000080044a0       0x34 build_ak-base-kit-stm32l151-application/task.o
                0x00000000080044a0                task_polling_run
 .text.task_run
                0x00000000080044d4      0x138 build_ak-base-kit-stm32l151-application/task.o
                0x00000000080044d4                task_run
 .text.get_current_task_id
                0x000000000800460c        0xc build_ak-base-kit-stm32l151-application/task.o
                0x000000000800460c                get_current_task_id
 .text.get_current_task_info
                0x0000000008004618        0x8 build_ak-base-kit-stm32l151-application/task.o
                0x0000000008004618                get_current_task_info
 .text.get_current_active_object
                0x0000000008004620        0x8 build_ak-base-kit-stm32l151-application/task.o
                0x0000000008004620                get_current_active_object
 .text.timer_remove_msg
                0x0000000008004628       0x64 build_ak-base-kit-stm32l151-application/timer.o
 .text.task_timer_tick
                0x000000000800468c       0x7c build_ak-base-kit-stm32l151-application/timer.o
                0x000000000800468c                task_timer_tick
 .text.timer_init
                0x0000000008004708       0x6c build_ak-base-kit-stm32l151-application/timer.o
                0x0000000008004708                timer_init
 .text.timer_tick
                0x0000000008004774       0x38 build_ak-base-kit-stm32l151-application/timer.o
                0x0000000008004774                timer_tick
 .text.timer_set
                0x00000000080047ac       0x98 build_ak-base-kit-stm32l151-application/timer.o
                0x00000000080047ac                timer_set
 .text.timer_remove_attr
                0x0000000008004844       0x18 build_ak-base-kit-stm32l151-application/timer.o
                0x0000000008004844                timer_remove_attr
 .text.free_common_msg
                0x000000000800485c       0x28 build_ak-base-kit-stm32l151-application/message.o
 .text.free_pure_msg
                0x0000000008004884       0x28 build_ak-base-kit-stm32l151-application/message.o
 .text.free_dynamic_msg
                0x00000000080048ac       0x30 build_ak-base-kit-stm32l151-application/message.o
 .text.msg_init
                0x00000000080048dc      0x100 build_ak-base-kit-stm32l151-application/message.o
                0x00000000080048dc                msg_init
 .text.msg_force_free
                0x00000000080049dc       0x44 build_ak-base-kit-stm32l151-application/message.o
                0x00000000080049dc                msg_force_free
 .text.msg_inc_ref_count
                0x0000000008004a20       0x2c build_ak-base-kit-stm32l151-application/message.o
                0x0000000008004a20                msg_inc_ref_count
 .text.msg_dec_ref_count
                0x0000000008004a4c       0x28 build_ak-base-kit-stm32l151-application/message.o
                0x0000000008004a4c                msg_dec_ref_count
 .text.msg_free
                0x0000000008004a74       0x58 build_ak-base-kit-stm32l151-application/message.o
                0x0000000008004a74                msg_free
 .text.ak_malloc
                0x0000000008004acc       0x50 build_ak-base-kit-stm32l151-application/message.o
                0x0000000008004acc                ak_malloc
 .text.get_pure_msg
                0x0000000008004b1c       0x5c build_ak-base-kit-stm32l151-application/message.o
                0x0000000008004b1c                get_pure_msg
 .text.get_common_msg
                0x0000000008004b78       0x60 build_ak-base-kit-stm32l151-application/message.o
                0x0000000008004b78                get_common_msg
 .text.set_data_common_msg
                0x0000000008004bd8       0x4c build_ak-base-kit-stm32l151-application/message.o
                0x0000000008004bd8                set_data_common_msg
 .text.get_data_common_msg
                0x0000000008004c24       0x28 build_ak-base-kit-stm32l151-application/message.o
                0x0000000008004c24                get_data_common_msg
 .text.get_data_len_common_msg
                0x0000000008004c4c       0x28 build_ak-base-kit-stm32l151-application/message.o
                0x0000000008004c4c                get_data_len_common_msg
 .text.get_dynamic_msg
                0x0000000008004c74       0x64 build_ak-base-kit-stm32l151-application/message.o
                0x0000000008004c74                get_dynamic_msg
 .text.set_data_dynamic_msg
                0x0000000008004cd8       0x3c build_ak-base-kit-stm32l151-application/message.o
                0x0000000008004cd8                set_data_dynamic_msg
 .text.get_data_dynamic_msg
                0x0000000008004d14       0x28 build_ak-base-kit-stm32l151-application/message.o
                0x0000000008004d14                get_data_dynamic_msg
 .text.get_data_len_dynamic_msg
                0x0000000008004d3c        0x4 build_ak-base-kit-stm32l151-application/message.o
                0x0000000008004d3c                get_data_len_dynamic_msg
 .text.log_queue_init
                0x0000000008004d40       0x2e build_ak-base-kit-stm32l151-application/log_queue.o
                0x0000000008004d40                log_queue_init
 .text.log_queue_len
                0x0000000008004d6e        0x4 build_ak-base-kit-stm32l151-application/log_queue.o
                0x0000000008004d6e                log_queue_len
 .text.log_queue_put
                0x0000000008004d72       0x5c build_ak-base-kit-stm32l151-application/log_queue.o
                0x0000000008004d72                log_queue_put
 .text.log_queue_get
                0x0000000008004dce       0x30 build_ak-base-kit-stm32l151-application/log_queue.o
                0x0000000008004dce                log_queue_get
 .text.fifo_init
                0x0000000008004dfe       0x12 build_ak-base-kit-stm32l151-application/fifo.o
                0x0000000008004dfe                fifo_init
 .text.fifo_availble
                0x0000000008004e10        0x4 build_ak-base-kit-stm32l151-application/fifo.o
                0x0000000008004e10                fifo_availble
 .text.fifo_is_full
                0x0000000008004e14        0xc build_ak-base-kit-stm32l151-application/fifo.o
                0x0000000008004e14                fifo_is_full
 .text.fifo_put
                0x0000000008004e20       0x54 build_ak-base-kit-stm32l151-application/fifo.o
                0x0000000008004e20                fifo_put
 .text.fifo_get
                0x0000000008004e74       0x50 build_ak-base-kit-stm32l151-application/fifo.o
                0x0000000008004e74                fifo_get
 .text.ring_buffer_char_init
                0x0000000008004ec4        0xc build_ak-base-kit-stm32l151-application/ring_buffer.o
                0x0000000008004ec4                ring_buffer_char_init
 .text.ring_buffer_char_is_empty
                0x0000000008004ed0        0xa build_ak-base-kit-stm32l151-application/ring_buffer.o
                0x0000000008004ed0                ring_buffer_char_is_empty
 .text.ring_buffer_char_put
                0x0000000008004eda       0x36 build_ak-base-kit-stm32l151-application/ring_buffer.o
                0x0000000008004eda                ring_buffer_char_put
 .text.ring_buffer_char_get
                0x0000000008004f10       0x26 build_ak-base-kit-stm32l151-application/ring_buffer.o
                0x0000000008004f10                ring_buffer_char_get
 .text.mem_read
                0x0000000008004f36       0x18 build_ak-base-kit-stm32l151-application/utils.o
                0x0000000008004f36                mem_read
 .text.mem_write
                0x0000000008004f4e       0x1a build_ak-base-kit-stm32l151-application/utils.o
                0x0000000008004f4e                mem_write
 .text.ilog10   0x0000000008004f68       0xd8 build_ak-base-kit-stm32l151-application/xprintf.o
 .text.i10x     0x0000000008005040       0x78 build_ak-base-kit-stm32l151-application/xprintf.o
 .text.xfputc   0x00000000080050b8       0x30 build_ak-base-kit-stm32l151-application/xprintf.o
                0x00000000080050b8                xfputc
 .text.xputc    0x00000000080050e8       0x10 build_ak-base-kit-stm32l151-application/xprintf.o
                0x00000000080050e8                xputc
 .text.xvfprintf
                0x00000000080050f8      0x580 build_ak-base-kit-stm32l151-application/xprintf.o
 .text.xprintf  0x0000000008005678       0x24 build_ak-base-kit-stm32l151-application/xprintf.o
                0x0000000008005678                xprintf
 .text.cmd_line_parser
                0x000000000800569c       0x7c build_ak-base-kit-stm32l151-application/cmd_line.o
                0x000000000800569c                cmd_line_parser
 .text.button_init
                0x0000000008005718       0x34 build_ak-base-kit-stm32l151-application/button.o
                0x0000000008005718                button_init
 .text.button_enable
                0x000000000800574c        0x6 build_ak-base-kit-stm32l151-application/button.o
                0x000000000800574c                button_enable
 .text.button_timer_polling
                0x0000000008005752       0x76 build_ak-base-kit-stm32l151-application/button.o
                0x0000000008005752                button_timer_polling
 .text.flash_wait_to_idle
                0x00000000080057c8       0x32 build_ak-base-kit-stm32l151-application/flash.o
 .text.flash_set_write_enable.constprop.0
                0x00000000080057fa       0x14 build_ak-base-kit-stm32l151-application/flash.o
 .text.flash_is_connected
                0x000000000800580e       0x22 build_ak-base-kit-stm32l151-application/flash.o
                0x000000000800580e                flash_is_connected
 .text.flash_read
                0x0000000008005830       0x5e build_ak-base-kit-stm32l151-application/flash.o
                0x0000000008005830                flash_read
 .text.flash_write
                0x000000000800588e       0x6c build_ak-base-kit-stm32l151-application/flash.o
                0x000000000800588e                flash_write
 .text.flash_erase_sector
                0x00000000080058fa       0x48 build_ak-base-kit-stm32l151-application/flash.o
                0x00000000080058fa                flash_erase_sector
 .text.flash_erase_block_64k
                0x0000000008005942       0x46 build_ak-base-kit-stm32l151-application/flash.o
                0x0000000008005942                flash_erase_block_64k
 .text.led_init
                0x0000000008005988       0x20 build_ak-base-kit-stm32l151-application/led.o
                0x0000000008005988                led_init
 .text.led_on   0x00000000080059a8        0xc build_ak-base-kit-stm32l151-application/led.o
                0x00000000080059a8                led_on
 .text.led_off  0x00000000080059b4        0xc build_ak-base-kit-stm32l151-application/led.o
                0x00000000080059b4                led_off
 .text.led_toggle
                0x00000000080059c0       0x12 build_ak-base-kit-stm32l151-application/led.o
                0x00000000080059c0                led_toggle
 *fill*         0x00000000080059d2        0x2 
 .text.BUZZER_Init
                0x00000000080059d4       0xe0 build_ak-base-kit-stm32l151-application/buzzer.o
                0x00000000080059d4                BUZZER_Init
 .text.BUZZER_Disable
                0x0000000008005ab4       0x38 build_ak-base-kit-stm32l151-application/buzzer.o
                0x0000000008005ab4                BUZZER_Disable
 .text.BUZZER_Enable
                0x0000000008005aec       0x84 build_ak-base-kit-stm32l151-application/buzzer.o
                0x0000000008005aec                BUZZER_Enable
 .text.buzzer_irq
                0x0000000008005b70       0x98 build_ak-base-kit-stm32l151-application/buzzer.o
                0x0000000008005b70                buzzer_irq
 .text.BUZZER_PlayTones
                0x0000000008005c08       0x1c build_ak-base-kit-stm32l151-application/buzzer.o
                0x0000000008005c08                BUZZER_PlayTones
 .text.sys_dbg_cpu_dump
                0x0000000008005c24       0x4c build_ak-base-kit-stm32l151-application/sys_dbg.o
                0x0000000008005c24                sys_dbg_cpu_dump
 .text.sys_dbg_stack_space_dump
                0x0000000008005c70       0x30 build_ak-base-kit-stm32l151-application/sys_dbg.o
                0x0000000008005c70                sys_dbg_stack_space_dump
 .text.sys_dbg_fatal
                0x0000000008005ca0      0x3cc build_ak-base-kit-stm32l151-application/sys_dbg.o
                0x0000000008005ca0                sys_dbg_fatal
 .text.sys_boot_init
                0x000000000800606c       0x14 build_ak-base-kit-stm32l151-application/sys_boot.o
                0x000000000800606c                sys_boot_init
 .text.sys_boot_get
                0x0000000008006080        0xc build_ak-base-kit-stm32l151-application/sys_boot.o
                0x0000000008006080                sys_boot_get
 .text.sys_boot_set
                0x000000000800608c       0x34 build_ak-base-kit-stm32l151-application/sys_boot.o
                0x000000000800608c                sys_boot_set
 .text.hal_nrf_rw
                0x00000000080060c0        0x4 build_ak-base-kit-stm32l151-application/hal_nrf_hw.o
                0x00000000080060c0                hal_nrf_rw
 .text.hal_nrf_read_rx_pl_w
                0x00000000080060c4       0x1c build_ak-base-kit-stm32l151-application/hal_nrf_l01.o
                0x00000000080060c4                hal_nrf_read_rx_pl_w
 .text.hal_nrf_read_reg
                0x00000000080060e0       0x1e build_ak-base-kit-stm32l151-application/hal_nrf_l01.o
                0x00000000080060e0                hal_nrf_read_reg
 .text.hal_nrf_get_address_width
                0x00000000080060fe        0xe build_ak-base-kit-stm32l151-application/hal_nrf_l01.o
                0x00000000080060fe                hal_nrf_get_address_width
 .text.hal_nrf_write_reg
                0x000000000800610c       0x40 build_ak-base-kit-stm32l151-application/hal_nrf_l01.o
                0x000000000800610c                hal_nrf_write_reg
 .text.hal_nrf_set_irq_mode
                0x000000000800614c       0x2a build_ak-base-kit-stm32l151-application/hal_nrf_l01.o
                0x000000000800614c                hal_nrf_set_irq_mode
 .text.hal_nrf_get_clear_irq_flags
                0x0000000008006176       0x10 build_ak-base-kit-stm32l151-application/hal_nrf_l01.o
                0x0000000008006176                hal_nrf_get_clear_irq_flags
 .text.hal_nrf_set_crc_mode
                0x0000000008006186       0x1e build_ak-base-kit-stm32l151-application/hal_nrf_l01.o
                0x0000000008006186                hal_nrf_set_crc_mode
 .text.hal_nrf_open_pipe
                0x00000000080061a4       0x60 build_ak-base-kit-stm32l151-application/hal_nrf_l01.o
                0x00000000080061a4                hal_nrf_open_pipe
 .text.hal_nrf_close_pipe
                0x0000000008006204       0x4c build_ak-base-kit-stm32l151-application/hal_nrf_l01.o
                0x0000000008006204                hal_nrf_close_pipe
 .text.hal_nrf_set_auto_retr
                0x0000000008006250       0x14 build_ak-base-kit-stm32l151-application/hal_nrf_l01.o
                0x0000000008006250                hal_nrf_set_auto_retr
 .text.hal_nrf_set_address_width
                0x0000000008006264        0xa build_ak-base-kit-stm32l151-application/hal_nrf_l01.o
                0x0000000008006264                hal_nrf_set_address_width
 .text.hal_nrf_set_rx_pload_width
                0x000000000800626e        0x8 build_ak-base-kit-stm32l151-application/hal_nrf_l01.o
                0x000000000800626e                hal_nrf_set_rx_pload_width
 .text.hal_nrf_set_operation_mode
                0x0000000008006276       0x28 build_ak-base-kit-stm32l151-application/hal_nrf_l01.o
                0x0000000008006276                hal_nrf_set_operation_mode
 .text.hal_nrf_set_power_mode
                0x000000000800629e       0x28 build_ak-base-kit-stm32l151-application/hal_nrf_l01.o
                0x000000000800629e                hal_nrf_set_power_mode
 .text.hal_nrf_set_rf_channel
                0x00000000080062c6        0x8 build_ak-base-kit-stm32l151-application/hal_nrf_l01.o
                0x00000000080062c6                hal_nrf_set_rf_channel
 .text.hal_nrf_set_output_power
                0x00000000080062ce       0x1e build_ak-base-kit-stm32l151-application/hal_nrf_l01.o
                0x00000000080062ce                hal_nrf_set_output_power
 .text.hal_nrf_set_datarate
                0x00000000080062ec       0x26 build_ak-base-kit-stm32l151-application/hal_nrf_l01.o
                0x00000000080062ec                hal_nrf_set_datarate
 .text.hal_nrf_flush_rx
                0x0000000008006312        0x8 build_ak-base-kit-stm32l151-application/hal_nrf_l01.o
                0x0000000008006312                hal_nrf_flush_rx
 .text.hal_nrf_flush_tx
                0x000000000800631a        0x8 build_ak-base-kit-stm32l151-application/hal_nrf_l01.o
                0x000000000800631a                hal_nrf_flush_tx
 .text.hal_nrf_nop
                0x0000000008006322        0x8 build_ak-base-kit-stm32l151-application/hal_nrf_l01.o
                0x0000000008006322                hal_nrf_nop
 .text.hal_nrf_get_rx_data_source
                0x000000000800632a        0xc build_ak-base-kit-stm32l151-application/hal_nrf_l01.o
                0x000000000800632a                hal_nrf_get_rx_data_source
 .text.hal_nrf_rx_fifo_empty
                0x0000000008006336        0xe build_ak-base-kit-stm32l151-application/hal_nrf_l01.o
                0x0000000008006336                hal_nrf_rx_fifo_empty
 .text.hal_nrf_set_lna_gain
                0x0000000008006344       0x28 build_ak-base-kit-stm32l151-application/hal_nrf_l01.o
                0x0000000008006344                hal_nrf_set_lna_gain
 .text.hal_nrf_read_multibyte_reg
                0x000000000800636c       0x62 build_ak-base-kit-stm32l151-application/hal_nrf_l01.o
                0x000000000800636c                hal_nrf_read_multibyte_reg
 .text.hal_nrf_read_rx_pload
                0x00000000080063ce        0x8 build_ak-base-kit-stm32l151-application/hal_nrf_l01.o
                0x00000000080063ce                hal_nrf_read_rx_pload
 .text.hal_nrf_write_multibyte_reg
                0x00000000080063d6       0x4c build_ak-base-kit-stm32l151-application/hal_nrf_l01.o
                0x00000000080063d6                hal_nrf_write_multibyte_reg
 .text.hal_nrf_set_address
                0x0000000008006422       0x1e build_ak-base-kit-stm32l151-application/hal_nrf_l01.o
                0x0000000008006422                hal_nrf_set_address
 .text.hal_nrf_write_tx_pload
                0x0000000008006440        0xa build_ak-base-kit-stm32l151-application/hal_nrf_l01.o
                0x0000000008006440                hal_nrf_write_tx_pload
 *fill*         0x000000000800644a        0x2 
 .text.eMBExceptionToErrorcode
                0x000000000800644c       0x14 build_ak-base-kit-stm32l151-application/mbutils.o
                0x000000000800644c                eMBExceptionToErrorcode
 .text.eMBMReleaseHdl
                0x0000000008006460       0x58 build_ak-base-kit-stm32l151-application/mbm.o
 .text.bMBMResponseTimeoutCB
                0x00000000080064b8       0x18 build_ak-base-kit-stm32l151-application/mbm.o
 .text.bMBMIsHdlValid
                0x00000000080064d0       0x18 build_ak-base-kit-stm32l151-application/mbm.o
                0x00000000080064d0                bMBMIsHdlValid
 .text.vMBMMasterTransactionPolled
                0x00000000080064e8       0xae build_ak-base-kit-stm32l151-application/mbm.o
                0x00000000080064e8                vMBMMasterTransactionPolled
 *fill*         0x0000000008006596        0x2 
 .text.eMBMSerialInitExt
                0x0000000008006598       0xcc build_ak-base-kit-stm32l151-application/mbm.o
                0x0000000008006598                eMBMSerialInitExt
 .text.usMBMCRC16
                0x0000000008006664       0x2c build_ak-base-kit-stm32l151-application/mbmcrc.o
                0x0000000008006664                usMBMCRC16
 .text.bMBMSerialWaitCB
                0x0000000008006690       0x3c build_ak-base-kit-stm32l151-application/mbmrtu.o
 .text.bMBMSerialRTUT35CB
                0x00000000080066cc       0x58 build_ak-base-kit-stm32l151-application/mbmrtu.o
 .text.bMBMSerialRTUTransmitterEmptyAPIV1CB
                0x0000000008006724       0xb2 build_ak-base-kit-stm32l151-application/mbmrtu.o
 .text.bMBMSerialRTUReceiverAPIV1CB
                0x00000000080067d6       0xa0 build_ak-base-kit-stm32l151-application/mbmrtu.o
 *fill*         0x0000000008006876        0x2 
 .text.eMBMSerialRTUFrameCloseInternal
                0x0000000008006878       0x90 build_ak-base-kit-stm32l151-application/mbmrtu.o
 .text.eMBMSerialRTUFrameReceive
                0x0000000008006908       0xc4 build_ak-base-kit-stm32l151-application/mbmrtu.o
 .text.eMBMSerialRTUFrameSend
                0x00000000080069cc       0xd0 build_ak-base-kit-stm32l151-application/mbmrtu.o
 .text.eMBMSerialRTUFrameClose
                0x0000000008006a9c       0x18 build_ak-base-kit-stm32l151-application/mbmrtu.o
 .text.eMBMSerialRTUInit
                0x0000000008006ab4      0x118 build_ak-base-kit-stm32l151-application/mbmrtu.o
                0x0000000008006ab4                eMBMSerialRTUInit
 .text.vMBMReadHoldingRegistersPolled
                0x0000000008006bcc      0x136 build_ak-base-kit-stm32l151-application/mbmfuncholding.o
                0x0000000008006bcc                vMBMReadHoldingRegistersPolled
 .text.eMBMReadHoldingRegisters
                0x0000000008006d02       0x42 build_ak-base-kit-stm32l151-application/mbmfuncholding.o
                0x0000000008006d02                eMBMReadHoldingRegisters
 .text.vMBMReadCoilsPolled
                0x0000000008006d44      0x114 build_ak-base-kit-stm32l151-application/mbmfunccoils.o
                0x0000000008006d44                vMBMReadCoilsPolled
 .text.eMBMReadCoils
                0x0000000008006e58       0x42 build_ak-base-kit-stm32l151-application/mbmfunccoils.o
                0x0000000008006e58                eMBMReadCoils
 .text.vMBMReadDiscreteInputsPolled
                0x0000000008006e9a      0x114 build_ak-base-kit-stm32l151-application/mbmfuncdisc.o
                0x0000000008006e9a                vMBMReadDiscreteInputsPolled
 .text.eMBMReadDiscreteInputs
                0x0000000008006fae       0x42 build_ak-base-kit-stm32l151-application/mbmfuncdisc.o
                0x0000000008006fae                eMBMReadDiscreteInputs
 .text.vMBMReadInputRegistersPolled
                0x0000000008006ff0      0x120 build_ak-base-kit-stm32l151-application/mbmfuncinput.o
                0x0000000008006ff0                vMBMReadInputRegistersPolled
 .text.eMBMReadInputRegisters
                0x0000000008007110       0x42 build_ak-base-kit-stm32l151-application/mbmfuncinput.o
                0x0000000008007110                eMBMReadInputRegisters
 *fill*         0x0000000008007152        0x2 
 .text.eMBPEventCreate
                0x0000000008007154       0x5c build_ak-base-kit-stm32l151-application/mbportevent.o
                0x0000000008007154                eMBPEventCreate
 .text.eMBPEventPost
                0x00000000080071b0       0x2c build_ak-base-kit-stm32l151-application/mbportevent.o
                0x00000000080071b0                eMBPEventPost
 .text.bMBPEventGet
                0x00000000080071dc       0x34 build_ak-base-kit-stm32l151-application/mbportevent.o
                0x00000000080071dc                bMBPEventGet
 .text.vMBPEventDelete
                0x0000000008007210       0x2c build_ak-base-kit-stm32l151-application/mbportevent.o
                0x0000000008007210                vMBPEventDelete
 .text.vMBPAssert
                0x000000000800723c       0x1c build_ak-base-kit-stm32l151-application/mbportother.o
                0x000000000800723c                vMBPAssert
 .text.vMBPEnterCritical
                0x0000000008007258        0x4 build_ak-base-kit-stm32l151-application/mbportother.o
                0x0000000008007258                vMBPEnterCritical
 .text.vMBPExitCritical
                0x000000000800725c        0x4 build_ak-base-kit-stm32l151-application/mbportother.o
                0x000000000800725c                vMBPExitCritical
 .text.eMBPSerialInit
                0x0000000008007260      0x144 build_ak-base-kit-stm32l151-application/mbportserial.o
                0x0000000008007260                eMBPSerialInit
 .text.eMBPSerialClose
                0x00000000080073a4       0x58 build_ak-base-kit-stm32l151-application/mbportserial.o
                0x00000000080073a4                eMBPSerialClose
 .text.eMBPSerialTxEnable
                0x00000000080073fc       0x70 build_ak-base-kit-stm32l151-application/mbportserial.o
                0x00000000080073fc                eMBPSerialTxEnable
 .text.eMBPSerialRxEnable
                0x000000000800746c       0x5c build_ak-base-kit-stm32l151-application/mbportserial.o
                0x000000000800746c                eMBPSerialRxEnable
 .text.vMBPUSART2ISR
                0x00000000080074c8       0xec build_ak-base-kit-stm32l151-application/mbportserial.o
                0x00000000080074c8                vMBPUSART2ISR
 .text.eMBPTimerInit
                0x00000000080075b4       0xec build_ak-base-kit-stm32l151-application/mbporttimer.o
                0x00000000080075b4                eMBPTimerInit
 .text.vMBPTimerClose
                0x00000000080076a0       0x28 build_ak-base-kit-stm32l151-application/mbporttimer.o
                0x00000000080076a0                vMBPTimerClose
 .text.eMBPTimerStart
                0x00000000080076c8       0x2c build_ak-base-kit-stm32l151-application/mbporttimer.o
                0x00000000080076c8                eMBPTimerStart
 .text.eMBPTimerStop
                0x00000000080076f4       0x30 build_ak-base-kit-stm32l151-application/mbporttimer.o
                0x00000000080076f4                eMBPTimerStop
 .text.vMBPTimerISR
                0x0000000008007724       0x58 build_ak-base-kit-stm32l151-application/mbporttimer.o
                0x0000000008007724                vMBPTimerISR
 .text.GPIO_Init
                0x000000000800777c       0x78 build_ak-base-kit-stm32l151-application/stm32l1xx_gpio.o
                0x000000000800777c                GPIO_Init
 .text.GPIO_ReadInputDataBit
                0x00000000080077f4        0xc build_ak-base-kit-stm32l151-application/stm32l1xx_gpio.o
                0x00000000080077f4                GPIO_ReadInputDataBit
 .text.GPIO_SetBits
                0x0000000008007800        0x4 build_ak-base-kit-stm32l151-application/stm32l1xx_gpio.o
                0x0000000008007800                GPIO_SetBits
 .text.GPIO_ResetBits
                0x0000000008007804        0x4 build_ak-base-kit-stm32l151-application/stm32l1xx_gpio.o
                0x0000000008007804                GPIO_ResetBits
 .text.GPIO_PinAFConfig
                0x0000000008007808       0x24 build_ak-base-kit-stm32l151-application/stm32l1xx_gpio.o
                0x0000000008007808                GPIO_PinAFConfig
 .text.RCC_HSICmd
                0x000000000800782c        0xc build_ak-base-kit-stm32l151-application/stm32l1xx_rcc.o
                0x000000000800782c                RCC_HSICmd
 .text.RCC_GetClocksFreq
                0x0000000008007838       0x9c build_ak-base-kit-stm32l151-application/stm32l1xx_rcc.o
                0x0000000008007838                RCC_GetClocksFreq
 .text.RCC_AHBPeriphClockCmd
                0x00000000080078d4       0x18 build_ak-base-kit-stm32l151-application/stm32l1xx_rcc.o
                0x00000000080078d4                RCC_AHBPeriphClockCmd
 .text.RCC_APB2PeriphClockCmd
                0x00000000080078ec       0x18 build_ak-base-kit-stm32l151-application/stm32l1xx_rcc.o
                0x00000000080078ec                RCC_APB2PeriphClockCmd
 .text.RCC_APB1PeriphClockCmd
                0x0000000008007904       0x18 build_ak-base-kit-stm32l151-application/stm32l1xx_rcc.o
                0x0000000008007904                RCC_APB1PeriphClockCmd
 .text.RCC_APB2PeriphResetCmd
                0x000000000800791c       0x18 build_ak-base-kit-stm32l151-application/stm32l1xx_rcc.o
                0x000000000800791c                RCC_APB2PeriphResetCmd
 .text.RCC_APB1PeriphResetCmd
                0x0000000008007934       0x18 build_ak-base-kit-stm32l151-application/stm32l1xx_rcc.o
                0x0000000008007934                RCC_APB1PeriphResetCmd
 .text.RCC_GetFlagStatus
                0x000000000800794c       0x20 build_ak-base-kit-stm32l151-application/stm32l1xx_rcc.o
                0x000000000800794c                RCC_GetFlagStatus
 .text.USART_DeInit
                0x000000000800796c       0x9c build_ak-base-kit-stm32l151-application/stm32l1xx_usart.o
                0x000000000800796c                USART_DeInit
 .text.USART_Init
                0x0000000008007a08       0xa4 build_ak-base-kit-stm32l151-application/stm32l1xx_usart.o
                0x0000000008007a08                USART_Init
 .text.USART_ClockInit
                0x0000000008007aac       0x20 build_ak-base-kit-stm32l151-application/stm32l1xx_usart.o
                0x0000000008007aac                USART_ClockInit
 .text.USART_Cmd
                0x0000000008007acc       0x18 build_ak-base-kit-stm32l151-application/stm32l1xx_usart.o
                0x0000000008007acc                USART_Cmd
 .text.USART_SendData
                0x0000000008007ae4        0x8 build_ak-base-kit-stm32l151-application/stm32l1xx_usart.o
                0x0000000008007ae4                USART_SendData
 .text.USART_ReceiveData
                0x0000000008007aec        0x8 build_ak-base-kit-stm32l151-application/stm32l1xx_usart.o
                0x0000000008007aec                USART_ReceiveData
 .text.USART_ITConfig
                0x0000000008007af4       0x30 build_ak-base-kit-stm32l151-application/stm32l1xx_usart.o
                0x0000000008007af4                USART_ITConfig
 .text.USART_GetFlagStatus
                0x0000000008007b24        0xc build_ak-base-kit-stm32l151-application/stm32l1xx_usart.o
                0x0000000008007b24                USART_GetFlagStatus
 .text.USART_GetITStatus
                0x0000000008007b30       0x3e build_ak-base-kit-stm32l151-application/stm32l1xx_usart.o
                0x0000000008007b30                USART_GetITStatus
 .text.USART_ClearITPendingBit
                0x0000000008007b6e        0xe build_ak-base-kit-stm32l151-application/stm32l1xx_usart.o
                0x0000000008007b6e                USART_ClearITPendingBit
 .text.SPI_I2S_DeInit
                0x0000000008007b7c       0x64 build_ak-base-kit-stm32l151-application/stm32l1xx_spi.o
                0x0000000008007b7c                SPI_I2S_DeInit
 .text.SPI_Init
                0x0000000008007be0       0x3e build_ak-base-kit-stm32l151-application/stm32l1xx_spi.o
                0x0000000008007be0                SPI_Init
 .text.SPI_Cmd  0x0000000008007c1e       0x18 build_ak-base-kit-stm32l151-application/stm32l1xx_spi.o
                0x0000000008007c1e                SPI_Cmd
 .text.SPI_I2S_ReceiveData
                0x0000000008007c36        0x6 build_ak-base-kit-stm32l151-application/stm32l1xx_spi.o
                0x0000000008007c36                SPI_I2S_ReceiveData
 .text.SPI_I2S_SendData
                0x0000000008007c3c        0x4 build_ak-base-kit-stm32l151-application/stm32l1xx_spi.o
                0x0000000008007c3c                SPI_I2S_SendData
 .text.SPI_I2S_GetFlagStatus
                0x0000000008007c40        0xc build_ak-base-kit-stm32l151-application/stm32l1xx_spi.o
                0x0000000008007c40                SPI_I2S_GetFlagStatus
 .text.NVIC_PriorityGroupConfig
                0x0000000008007c4c       0x14 build_ak-base-kit-stm32l151-application/misc.o
                0x0000000008007c4c                NVIC_PriorityGroupConfig
 .text.NVIC_Init
                0x0000000008007c60       0x58 build_ak-base-kit-stm32l151-application/misc.o
                0x0000000008007c60                NVIC_Init
 .text.EXTI_Init
                0x0000000008007cb8       0x6c build_ak-base-kit-stm32l151-application/stm32l1xx_exti.o
                0x0000000008007cb8                EXTI_Init
 .text.EXTI_GetFlagStatus
                0x0000000008007d24       0x14 build_ak-base-kit-stm32l151-application/stm32l1xx_exti.o
                0x0000000008007d24                EXTI_GetFlagStatus
 .text.EXTI_GetITStatus
                0x0000000008007d38        0x4 build_ak-base-kit-stm32l151-application/stm32l1xx_exti.o
                0x0000000008007d38                EXTI_GetITStatus
 .text.EXTI_ClearITPendingBit
                0x0000000008007d3c        0xc build_ak-base-kit-stm32l151-application/stm32l1xx_exti.o
                0x0000000008007d3c                EXTI_ClearITPendingBit
 .text.SYSCFG_EXTILineConfig
                0x0000000008007d48       0x2a build_ak-base-kit-stm32l151-application/stm32l1xx_syscfg.o
                0x0000000008007d48                SYSCFG_EXTILineConfig
 *fill*         0x0000000008007d72        0x2 
 .text.TIM_DeInit
                0x0000000008007d74       0xe4 build_ak-base-kit-stm32l151-application/stm32l1xx_tim.o
                0x0000000008007d74                TIM_DeInit
 .text.TIM_TimeBaseInit
                0x0000000008007e58       0x58 build_ak-base-kit-stm32l151-application/stm32l1xx_tim.o
                0x0000000008007e58                TIM_TimeBaseInit
 .text.TIM_ARRPreloadConfig
                0x0000000008007eb0       0x18 build_ak-base-kit-stm32l151-application/stm32l1xx_tim.o
                0x0000000008007eb0                TIM_ARRPreloadConfig
 .text.TIM_Cmd  0x0000000008007ec8       0x18 build_ak-base-kit-stm32l151-application/stm32l1xx_tim.o
                0x0000000008007ec8                TIM_Cmd
 .text.TIM_OC3Init
                0x0000000008007ee0       0x3c build_ak-base-kit-stm32l151-application/stm32l1xx_tim.o
                0x0000000008007ee0                TIM_OC3Init
 .text.TIM_OC3PreloadConfig
                0x0000000008007f1c       0x10 build_ak-base-kit-stm32l151-application/stm32l1xx_tim.o
                0x0000000008007f1c                TIM_OC3PreloadConfig
 .text.TIM_ITConfig
                0x0000000008007f2c       0x12 build_ak-base-kit-stm32l151-application/stm32l1xx_tim.o
                0x0000000008007f2c                TIM_ITConfig
 .text.TIM_GetITStatus
                0x0000000008007f3e       0x16 build_ak-base-kit-stm32l151-application/stm32l1xx_tim.o
                0x0000000008007f3e                TIM_GetITStatus
 .text.TIM_ClearITPendingBit
                0x0000000008007f54        0x8 build_ak-base-kit-stm32l151-application/stm32l1xx_tim.o
                0x0000000008007f54                TIM_ClearITPendingBit
 .text.ADC_Init
                0x0000000008007f5c       0x4c build_ak-base-kit-stm32l151-application/stm32l1xx_adc.o
                0x0000000008007f5c                ADC_Init
 .text.ADC_Cmd  0x0000000008007fa8       0x12 build_ak-base-kit-stm32l151-application/stm32l1xx_adc.o
                0x0000000008007fa8                ADC_Cmd
 *fill*         0x0000000008007fba        0x2 
 .text.ADC_TempSensorVrefintCmd
                0x0000000008007fbc       0x18 build_ak-base-kit-stm32l151-application/stm32l1xx_adc.o
                0x0000000008007fbc                ADC_TempSensorVrefintCmd
 .text.ADC_RegularChannelConfig
                0x0000000008007fd4      0x104 build_ak-base-kit-stm32l151-application/stm32l1xx_adc.o
                0x0000000008007fd4                ADC_RegularChannelConfig
 .text.ADC_SoftwareStartConv
                0x00000000080080d8        0xa build_ak-base-kit-stm32l151-application/stm32l1xx_adc.o
                0x00000000080080d8                ADC_SoftwareStartConv
 .text.ADC_GetConversionValue
                0x00000000080080e2        0x6 build_ak-base-kit-stm32l151-application/stm32l1xx_adc.o
                0x00000000080080e2                ADC_GetConversionValue
 .text.ADC_GetFlagStatus
                0x00000000080080e8        0xc build_ak-base-kit-stm32l151-application/stm32l1xx_adc.o
                0x00000000080080e8                ADC_GetFlagStatus
 .text.PWR_UltraLowPowerCmd
                0x00000000080080f4        0xc build_ak-base-kit-stm32l151-application/stm32l1xx_pwr.o
                0x00000000080080f4                PWR_UltraLowPowerCmd
 .text.PWR_EnterSTOPMode
                0x0000000008008100       0x34 build_ak-base-kit-stm32l151-application/stm32l1xx_pwr.o
                0x0000000008008100                PWR_EnterSTOPMode
 .text.FLASH_Lock
                0x0000000008008134       0x10 build_ak-base-kit-stm32l151-application/stm32l1xx_flash.o
                0x0000000008008134                FLASH_Lock
 .text.DATA_EEPROM_Unlock
                0x0000000008008144       0x20 build_ak-base-kit-stm32l151-application/stm32l1xx_flash.o
                0x0000000008008144                DATA_EEPROM_Unlock
 .text.FLASH_Unlock
                0x0000000008008164       0x2c build_ak-base-kit-stm32l151-application/stm32l1xx_flash.o
                0x0000000008008164                FLASH_Unlock
 .text.DATA_EEPROM_Lock
                0x0000000008008190       0x10 build_ak-base-kit-stm32l151-application/stm32l1xx_flash.o
                0x0000000008008190                DATA_EEPROM_Lock
 .text.FLASH_OB_Unlock
                0x00000000080081a0       0x2c build_ak-base-kit-stm32l151-application/stm32l1xx_flash.o
                0x00000000080081a0                FLASH_OB_Unlock
 .text.FLASH_OB_Launch
                0x00000000080081cc       0x10 build_ak-base-kit-stm32l151-application/stm32l1xx_flash.o
                0x00000000080081cc                FLASH_OB_Launch
 .text.FLASH_OB_GetBOR
                0x00000000080081dc       0x10 build_ak-base-kit-stm32l151-application/stm32l1xx_flash.o
                0x00000000080081dc                FLASH_OB_GetBOR
 .text.FLASH_ClearFlag
                0x00000000080081ec        0xc build_ak-base-kit-stm32l151-application/stm32l1xx_flash.o
                0x00000000080081ec                FLASH_ClearFlag
 .text.FLASH_GetStatus
                0x00000000080081f8       0x28 build_ak-base-kit-stm32l151-application/stm32l1xx_flash.o
                0x00000000080081f8                FLASH_GetStatus
 .text.FLASH_WaitForLastOperation
                0x0000000008008220       0x3c build_ak-base-kit-stm32l151-application/stm32l1xx_flash.o
                0x0000000008008220                FLASH_WaitForLastOperation
 .text.FLASH_ErasePage
                0x000000000800825c       0x44 build_ak-base-kit-stm32l151-application/stm32l1xx_flash.o
                0x000000000800825c                FLASH_ErasePage
 .text.FLASH_FastProgramWord
                0x00000000080082a0       0x22 build_ak-base-kit-stm32l151-application/stm32l1xx_flash.o
                0x00000000080082a0                FLASH_FastProgramWord
 .text.DATA_EEPROM_EraseWord
                0x00000000080082c2       0x16 build_ak-base-kit-stm32l151-application/stm32l1xx_flash.o
                0x00000000080082c2                DATA_EEPROM_EraseWord
 .text.DATA_EEPROM_FastProgramWord
                0x00000000080082d8       0x30 build_ak-base-kit-stm32l151-application/stm32l1xx_flash.o
                0x00000000080082d8                DATA_EEPROM_FastProgramWord
 .text.DATA_EEPROM_ProgramByte
                0x0000000008008308       0x4c build_ak-base-kit-stm32l151-application/stm32l1xx_flash.o
                0x0000000008008308                DATA_EEPROM_ProgramByte
 .text.FLASH_OB_BORConfig
                0x0000000008008354       0x3c build_ak-base-kit-stm32l151-application/stm32l1xx_flash.o
                0x0000000008008354                FLASH_OB_BORConfig
 .text.IWDG_WriteAccessCmd
                0x0000000008008390        0xc build_ak-base-kit-stm32l151-application/stm32l1xx_iwdg.o
                0x0000000008008390                IWDG_WriteAccessCmd
 .text.IWDG_SetPrescaler
                0x000000000800839c        0xc build_ak-base-kit-stm32l151-application/stm32l1xx_iwdg.o
                0x000000000800839c                IWDG_SetPrescaler
 .text.IWDG_SetReload
                0x00000000080083a8        0xc build_ak-base-kit-stm32l151-application/stm32l1xx_iwdg.o
                0x00000000080083a8                IWDG_SetReload
 .text.IWDG_ReloadCounter
                0x00000000080083b4       0x10 build_ak-base-kit-stm32l151-application/stm32l1xx_iwdg.o
                0x00000000080083b4                IWDG_ReloadCounter
 .text.IWDG_Enable
                0x00000000080083c4       0x10 build_ak-base-kit-stm32l151-application/stm32l1xx_iwdg.o
                0x00000000080083c4                IWDG_Enable
 .text.I2C_SendData
                0x00000000080083d4        0x4 build_ak-base-kit-stm32l151-application/stm32l1xx_i2c.o
                0x00000000080083d4                I2C_SendData
 .text.I2C_CheckEvent
                0x00000000080083d8       0x18 build_ak-base-kit-stm32l151-application/stm32l1xx_i2c.o
                0x00000000080083d8                I2C_CheckEvent
 .text.disable_interrupts
                0x00000000080083f0       0x10 build_ak-base-kit-stm32l151-application/platform.o
                0x00000000080083f0                disable_interrupts
 .text.entry_critical
                0x0000000008008400       0x14 build_ak-base-kit-stm32l151-application/platform.o
                0x0000000008008400                entry_critical
 .text.exit_critical
                0x0000000008008414       0x30 build_ak-base-kit-stm32l151-application/platform.o
                0x0000000008008414                exit_critical
 .text.default_handler
                0x0000000008008444       0x1c build_ak-base-kit-stm32l151-application/system.o
                0x0000000008008444                svc_handler
                0x0000000008008444                default_handler
                0x0000000008008444                dg_monitor_handler
                0x0000000008008444                pendsv_handler
 .text.nmi_handler
                0x0000000008008460       0x1c build_ak-base-kit-stm32l151-application/system.o
                0x0000000008008460                nmi_handler
 .text.hard_fault_handler
                0x000000000800847c       0x1c build_ak-base-kit-stm32l151-application/system.o
                0x000000000800847c                hard_fault_handler
 .text.mem_manage_handler
                0x0000000008008498       0x1c build_ak-base-kit-stm32l151-application/system.o
                0x0000000008008498                mem_manage_handler
 .text.bus_fault_handler
                0x00000000080084b4       0x1c build_ak-base-kit-stm32l151-application/system.o
                0x00000000080084b4                bus_fault_handler
 .text.usage_fault_handler
                0x00000000080084d0       0x1c build_ak-base-kit-stm32l151-application/system.o
                0x00000000080084d0                usage_fault_handler
 .text.systick_handler
                0x00000000080084ec       0x40 build_ak-base-kit-stm32l151-application/system.o
                0x00000000080084ec                systick_handler
 .text.uart1_irq
                0x000000000800852c       0x64 build_ak-base-kit-stm32l151-application/system.o
                0x000000000800852c                uart1_irq
 .text.exti_line1_irq
                0x0000000008008590       0x20 build_ak-base-kit-stm32l151-application/system.o
                0x0000000008008590                exti_line1_irq
 .text.timer7_irq
                0x00000000080085b0       0x24 build_ak-base-kit-stm32l151-application/system.o
                0x00000000080085b0                timer7_irq
 .text.sys_ctrl_delay
                0x00000000080085d4        0xc build_ak-base-kit-stm32l151-application/system.o
                0x00000000080085d4                sys_ctrl_delay
 .text.sys_ctrl_millis
                0x00000000080085e0       0x1c build_ak-base-kit-stm32l151-application/system.o
                0x00000000080085e0                sys_ctrl_millis
 .text._init    0x00000000080085fc        0x2 build_ak-base-kit-stm32l151-application/system.o
                0x00000000080085fc                _init
 .text._fini    0x00000000080085fe        0x2 build_ak-base-kit-stm32l151-application/system.o
                0x00000000080085fe                _fini
 .text.sys_stack_count_init
                0x0000000008008600       0x3c build_ak-base-kit-stm32l151-application/system.o
                0x0000000008008600                sys_stack_count_init
 .text.reset_handler
                0x000000000800863c       0xc8 build_ak-base-kit-stm32l151-application/system.o
                0x000000000800863c                reset_handler
 .text.sys_stack_usage
                0x0000000008008704       0x20 build_ak-base-kit-stm32l151-application/system.o
                0x0000000008008704                sys_stack_usage
 .text.sys_stack_get_size
                0x0000000008008724        0xc build_ak-base-kit-stm32l151-application/system.o
                0x0000000008008724                sys_stack_get_size
 .text.sys_ctrl_shell_put_char_block
                0x0000000008008730       0x2c build_ak-base-kit-stm32l151-application/sys_cfg.o
                0x0000000008008730                sys_ctrl_shell_put_char_block
 .text.sys_cfg_clock
                0x000000000800875c       0x22 build_ak-base-kit-stm32l151-application/sys_cfg.o
                0x000000000800875c                sys_cfg_clock
 *fill*         0x000000000800877e        0x2 
 .text.sys_cfg_tick
                0x0000000008008780       0x50 build_ak-base-kit-stm32l151-application/sys_cfg.o
                0x0000000008008780                sys_cfg_tick
 .text.sys_cfg_svc
                0x00000000080087d0       0x30 build_ak-base-kit-stm32l151-application/sys_cfg.o
                0x00000000080087d0                sys_cfg_svc
 .text.sys_cfg_pendsv
                0x0000000008008800       0x34 build_ak-base-kit-stm32l151-application/sys_cfg.o
                0x0000000008008800                sys_cfg_pendsv
 .text.sys_cfg_update_info
                0x0000000008008834      0x108 build_ak-base-kit-stm32l151-application/sys_cfg.o
                0x0000000008008834                sys_cfg_update_info
 .text.sys_ctrl_shell_sw_to_block
                0x000000000800893c       0x38 build_ak-base-kit-stm32l151-application/sys_cfg.o
                0x000000000800893c                sys_ctrl_shell_sw_to_block
 .text.sys_cfg_console
                0x0000000008008974       0xd8 build_ak-base-kit-stm32l151-application/sys_cfg.o
                0x0000000008008974                sys_cfg_console
 .text.sys_ctrl_shell_get_char
                0x0000000008008a4c       0x34 build_ak-base-kit-stm32l151-application/sys_cfg.o
                0x0000000008008a4c                sys_ctrl_shell_get_char
 .text.sys_ctrl_reset
                0x0000000008008a80       0x20 build_ak-base-kit-stm32l151-application/sys_cfg.o
                0x0000000008008a80                sys_ctrl_reset
 .text.sys_ctrl_delay_us
                0x0000000008008aa0       0x58 build_ak-base-kit-stm32l151-application/sys_cfg.o
                0x0000000008008aa0                sys_ctrl_delay_us
 .text.sys_ctrl_delay_ms
                0x0000000008008af8       0x1e build_ak-base-kit-stm32l151-application/sys_cfg.o
                0x0000000008008af8                sys_ctrl_delay_ms
 *fill*         0x0000000008008b16        0x2 
 .text.sys_ctr_stop_mcu
                0x0000000008008b18       0xa8 build_ak-base-kit-stm32l151-application/sys_cfg.o
                0x0000000008008b18                sys_ctr_stop_mcu
 .text.sys_ctrl_independent_watchdog_init
                0x0000000008008bc0       0x24 build_ak-base-kit-stm32l151-application/sys_cfg.o
                0x0000000008008bc0                sys_ctrl_independent_watchdog_init
 .text.sys_ctrl_independent_watchdog_reset
                0x0000000008008be4       0x12 build_ak-base-kit-stm32l151-application/sys_cfg.o
                0x0000000008008be4                sys_ctrl_independent_watchdog_reset
 *fill*         0x0000000008008bf6        0x2 
 .text.sys_ctrl_soft_watchdog_init
                0x0000000008008bf8       0x68 build_ak-base-kit-stm32l151-application/sys_cfg.o
                0x0000000008008bf8                sys_ctrl_soft_watchdog_init
 .text.sys_ctrl_soft_watchdog_reset
                0x0000000008008c60       0x18 build_ak-base-kit-stm32l151-application/sys_cfg.o
                0x0000000008008c60                sys_ctrl_soft_watchdog_reset
 .text.sys_ctrl_soft_watchdog_increase_counter
                0x0000000008008c78       0x40 build_ak-base-kit-stm32l151-application/sys_cfg.o
                0x0000000008008c78                sys_ctrl_soft_watchdog_increase_counter
 .text.sys_ctrl_get_firmware_info
                0x0000000008008cb8       0x40 build_ak-base-kit-stm32l151-application/sys_cfg.o
                0x0000000008008cb8                sys_ctrl_get_firmware_info
 .text.task_irq_io_entry_trigger
                0x0000000008008cf8        0x2 build_ak-base-kit-stm32l151-application/sys_cfg.o
                0x0000000008008cf8                task_irq_io_entry_trigger
 .text.task_irq_io_exit_trigger
                0x0000000008008cfa        0x2 build_ak-base-kit-stm32l151-application/sys_cfg.o
                0x0000000008008cfa                task_irq_io_exit_trigger
 .text.led_B5_init
                0x0000000008008cfc       0x28 build_ak-base-kit-stm32l151-application/io_cfg.o
                0x0000000008008cfc                led_B5_init
 .text.led_B5_on
                0x0000000008008d24        0xc build_ak-base-kit-stm32l151-application/io_cfg.o
                0x0000000008008d24                led_B5_on
 .text.led_B5_off
                0x0000000008008d30        0xc build_ak-base-kit-stm32l151-application/io_cfg.o
                0x0000000008008d30                led_B5_off
 .text.io_button_mode_init
                0x0000000008008d3c       0x28 build_ak-base-kit-stm32l151-application/io_cfg.o
                0x0000000008008d3c                io_button_mode_init
 .text.io_button_up_init
                0x0000000008008d64       0x28 build_ak-base-kit-stm32l151-application/io_cfg.o
                0x0000000008008d64                io_button_up_init
 .text.io_button_down_init
                0x0000000008008d8c       0x28 build_ak-base-kit-stm32l151-application/io_cfg.o
                0x0000000008008d8c                io_button_down_init
 .text.io_button_mode_read
                0x0000000008008db4        0xc build_ak-base-kit-stm32l151-application/io_cfg.o
                0x0000000008008db4                io_button_mode_read
 .text.io_button_up_read
                0x0000000008008dc0       0x10 build_ak-base-kit-stm32l151-application/io_cfg.o
                0x0000000008008dc0                io_button_up_read
 .text.io_button_down_read
                0x0000000008008dd0        0xc build_ak-base-kit-stm32l151-application/io_cfg.o
                0x0000000008008dd0                io_button_down_read
 .text.led_life_init
                0x0000000008008ddc       0x28 build_ak-base-kit-stm32l151-application/io_cfg.o
                0x0000000008008ddc                led_life_init
 .text.led_life_on
                0x0000000008008e04       0x10 build_ak-base-kit-stm32l151-application/io_cfg.o
                0x0000000008008e04                led_life_on
 .text.led_life_off
                0x0000000008008e14       0x10 build_ak-base-kit-stm32l151-application/io_cfg.o
                0x0000000008008e14                led_life_off
 .text.nrf24l01_io_ctrl_init
                0x0000000008008e24       0x9c build_ak-base-kit-stm32l151-application/io_cfg.o
                0x0000000008008e24                nrf24l01_io_ctrl_init
 .text.nrf24l01_spi_ctrl_init
                0x0000000008008ec0       0xb8 build_ak-base-kit-stm32l151-application/io_cfg.o
                0x0000000008008ec0                nrf24l01_spi_ctrl_init
 .text.nrf24l01_ce_low
                0x0000000008008f78       0x10 build_ak-base-kit-stm32l151-application/io_cfg.o
                0x0000000008008f78                nrf24l01_ce_low
 .text.nrf24l01_ce_high
                0x0000000008008f88       0x10 build_ak-base-kit-stm32l151-application/io_cfg.o
                0x0000000008008f88                nrf24l01_ce_high
 .text.nrf24l01_csn_low
                0x0000000008008f98       0x10 build_ak-base-kit-stm32l151-application/io_cfg.o
                0x0000000008008f98                nrf24l01_csn_low
 .text.nrf24l01_csn_high
                0x0000000008008fa8       0x10 build_ak-base-kit-stm32l151-application/io_cfg.o
                0x0000000008008fa8                nrf24l01_csn_high
 .text.flash_io_ctrl_init
                0x0000000008008fb8       0x28 build_ak-base-kit-stm32l151-application/io_cfg.o
                0x0000000008008fb8                flash_io_ctrl_init
 .text.flash_cs_low
                0x0000000008008fe0       0x10 build_ak-base-kit-stm32l151-application/io_cfg.o
                0x0000000008008fe0                flash_cs_low
 .text.flash_cs_high
                0x0000000008008ff0       0x10 build_ak-base-kit-stm32l151-application/io_cfg.o
                0x0000000008008ff0                flash_cs_high
 .text.flash_transfer
                0x0000000008009000       0x98 build_ak-base-kit-stm32l151-application/io_cfg.o
                0x0000000008009000                flash_transfer
 .text.nrf24l01_spi_rw
                0x0000000008009098        0x4 build_ak-base-kit-stm32l151-application/io_cfg.o
                0x0000000008009098                nrf24l01_spi_rw
 .text.io_cfg_adc1
                0x000000000800909c       0x48 build_ak-base-kit-stm32l151-application/io_cfg.o
                0x000000000800909c                io_cfg_adc1
 .text.adc_bat_io_cfg
                0x00000000080090e4       0x2c build_ak-base-kit-stm32l151-application/io_cfg.o
                0x00000000080090e4                adc_bat_io_cfg
 .text.sys_ctr_get_vbat_voltage
                0x0000000008009110       0x90 build_ak-base-kit-stm32l151-application/io_cfg.o
                0x0000000008009110                sys_ctr_get_vbat_voltage
 .text.sys_ctr_get_mcu_temperature
                0x00000000080091a0       0x6c build_ak-base-kit-stm32l151-application/io_cfg.o
                0x00000000080091a0                sys_ctr_get_mcu_temperature
 .text.ssd1306_clk_input_mode
                0x000000000800920c       0x28 build_ak-base-kit-stm32l151-application/io_cfg.o
                0x000000000800920c                ssd1306_clk_input_mode
 .text.ssd1306_clk_output_mode
                0x0000000008009234       0x28 build_ak-base-kit-stm32l151-application/io_cfg.o
                0x0000000008009234                ssd1306_clk_output_mode
 .text.ssd1306_clk_digital_write_low
                0x000000000800925c       0x10 build_ak-base-kit-stm32l151-application/io_cfg.o
                0x000000000800925c                ssd1306_clk_digital_write_low
 .text.ssd1306_clk_digital_write_high
                0x000000000800926c       0x10 build_ak-base-kit-stm32l151-application/io_cfg.o
                0x000000000800926c                ssd1306_clk_digital_write_high
 .text.ssd1306_data_input_mode
                0x000000000800927c       0x28 build_ak-base-kit-stm32l151-application/io_cfg.o
                0x000000000800927c                ssd1306_data_input_mode
 .text.ssd1306_data_output_mode
                0x00000000080092a4       0x28 build_ak-base-kit-stm32l151-application/io_cfg.o
                0x00000000080092a4                ssd1306_data_output_mode
 .text.ssd1306_data_digital_write_low
                0x00000000080092cc       0x10 build_ak-base-kit-stm32l151-application/io_cfg.o
                0x00000000080092cc                ssd1306_data_digital_write_low
 .text.ssd1306_data_digital_write_high
                0x00000000080092dc       0x10 build_ak-base-kit-stm32l151-application/io_cfg.o
                0x00000000080092dc                ssd1306_data_digital_write_high
 .text.ssd1306_res_input_mode
                0x00000000080092ec       0x28 build_ak-base-kit-stm32l151-application/io_cfg.o
                0x00000000080092ec                ssd1306_res_input_mode
 .text.ssd1306_res_output_mode
                0x0000000008009314       0x28 build_ak-base-kit-stm32l151-application/io_cfg.o
                0x0000000008009314                ssd1306_res_output_mode
 .text.ssd1306_res_digital_write_low
                0x000000000800933c       0x10 build_ak-base-kit-stm32l151-application/io_cfg.o
                0x000000000800933c                ssd1306_res_digital_write_low
 .text.ssd1306_res_digital_write_high
                0x000000000800934c       0x10 build_ak-base-kit-stm32l151-application/io_cfg.o
                0x000000000800934c                ssd1306_res_digital_write_high
 .text.io_eeprom_read
                0x000000000800935c       0x34 build_ak-base-kit-stm32l151-application/io_cfg.o
                0x000000000800935c                io_eeprom_read
 .text.io_eeprom_erase
                0x0000000008009390       0x4c build_ak-base-kit-stm32l151-application/io_cfg.o
                0x0000000008009390                io_eeprom_erase
 .text.internal_flash_unlock
                0x00000000080093dc       0x12 build_ak-base-kit-stm32l151-application/io_cfg.o
                0x00000000080093dc                internal_flash_unlock
 .text.internal_flash_lock
                0x00000000080093ee        0x4 build_ak-base-kit-stm32l151-application/io_cfg.o
                0x00000000080093ee                internal_flash_lock
 .text.internal_flash_erase_pages_cal
                0x00000000080093f2       0x24 build_ak-base-kit-stm32l151-application/io_cfg.o
                0x00000000080093f2                internal_flash_erase_pages_cal
 .text.internal_flash_write_cal
                0x0000000008009416       0x48 build_ak-base-kit-stm32l151-application/io_cfg.o
                0x0000000008009416                internal_flash_write_cal
 *fill*         0x000000000800945e        0x2 
 .text.io_uart2_cfg
                0x0000000008009460       0xbc build_ak-base-kit-stm32l151-application/io_cfg.o
                0x0000000008009460                io_uart2_cfg
 .text.io_uart_rs485_cfg
                0x000000000800951c       0x78 build_ak-base-kit-stm32l151-application/io_cfg.o
                0x000000000800951c                io_uart_rs485_cfg
 .text.io_rs485_dir_mode_output
                0x0000000008009594       0x30 build_ak-base-kit-stm32l151-application/io_cfg.o
                0x0000000008009594                io_rs485_dir_mode_output
 .text.io_rs485_dir_low
                0x00000000080095c4        0xc build_ak-base-kit-stm32l151-application/io_cfg.o
                0x00000000080095c4                io_rs485_dir_low
 .text.io_rs485_dir_high
                0x00000000080095d0        0xc build_ak-base-kit-stm32l151-application/io_cfg.o
                0x00000000080095d0                io_rs485_dir_high
 .text.SystemInit
                0x00000000080095dc      0x114 build_ak-base-kit-stm32l151-application/system_stm32l1xx.o
                0x00000000080095dc                SystemInit
 .text.SystemCoreClockUpdate
                0x00000000080096f0       0x88 build_ak-base-kit-stm32l151-application/system_stm32l1xx.o
                0x00000000080096f0                SystemCoreClockUpdate
 .text._ZL13view_scr_nf24v
                0x0000000008009778      0x1e8 build_ak-base-kit-stm32l151-application/scr_nf24.o
 .text._Z15scr_nf24_handleP8ak_msg_t
                0x0000000008009960       0x6c build_ak-base-kit-stm32l151-application/scr_nf24.o
                0x0000000008009960                scr_nf24_handle(ak_msg_t*)
 .text._Z11task_systemP8ak_msg_t
                0x00000000080099cc       0x44 build_ak-base-kit-stm32l151-application/task_system.o
                0x00000000080099cc                task_system(ak_msg_t*)
 .text.main_app
                0x0000000008009a10      0x298 build_ak-base-kit-stm32l151-application/app.o
                0x0000000008009a10                main_app
 .text._Z19task_polling_zigbeev
                0x0000000008009ca8        0x2 build_ak-base-kit-stm32l151-application/app.o
                0x0000000008009ca8                task_polling_zigbee()
 *fill*         0x0000000008009caa        0x2 
 .text._Z20task_polling_consolev
                0x0000000008009cac       0xd8 build_ak-base-kit-stm32l151-application/app.o
                0x0000000008009cac                task_polling_console()
 .text.sys_irq_timer_10ms
                0x0000000008009d84       0x24 build_ak-base-kit-stm32l151-application/app.o
                0x0000000008009d84                sys_irq_timer_10ms
 .text._Z17btn_mode_callbackPv
                0x0000000008009da8       0x3c build_ak-base-kit-stm32l151-application/app_bsp.o
                0x0000000008009da8                btn_mode_callback(void*)
 .text._Z15btn_up_callbackPv
                0x0000000008009de4       0x3c build_ak-base-kit-stm32l151-application/app_bsp.o
                0x0000000008009de4                btn_up_callback(void*)
 .text._Z17btn_down_callbackPv
                0x0000000008009e20       0x3c build_ak-base-kit-stm32l151-application/app_bsp.o
                0x0000000008009e20                btn_down_callback(void*)
 .text._Z22updateDataModbusDeviceP21ModbusDeviceStructure
                0x0000000008009e5c       0xc4 build_ak-base-kit-stm32l151-application/app_modbus_pull.o
                0x0000000008009e5c                updateDataModbusDevice(ModbusDeviceStructure*)
 .text._ZL19str_parser_get_attrh
                0x0000000008009f20       0x1c build_ak-base-kit-stm32l151-application/shell.o
 .text._Z9shell_sttPh
                0x0000000008009f3c        0x4 build_ak-base-kit-stm32l151-application/shell.o
                0x0000000008009f3c                shell_stt(unsigned char*)
 .text._Z9shell_psvPh
                0x0000000008009f40       0x14 build_ak-base-kit-stm32l151-application/shell.o
                0x0000000008009f40                shell_psv(unsigned char*)
 .text._Z11shell_resetPh
                0x0000000008009f54       0x10 build_ak-base-kit-stm32l151-application/shell.o
                0x0000000008009f54                shell_reset(unsigned char*)
 .text._Z10shell_helpPh
                0x0000000008009f64       0x30 build_ak-base-kit-stm32l151-application/shell.o
                0x0000000008009f64                shell_help(unsigned char*)
 .text._Z9shell_verPh
                0x0000000008009f94      0x118 build_ak-base-kit-stm32l151-application/shell.o
                0x0000000008009f94                shell_ver(unsigned char*)
 .text._Z12shell_rebootPh
                0x000000000800a0ac       0x10 build_ak-base-kit-stm32l151-application/shell.o
                0x000000000800a0ac                shell_reboot(unsigned char*)
 .text._ZL10str_parserPc
                0x000000000800a0bc       0x60 build_ak-base-kit-stm32l151-application/shell.o
 .text._Z11shell_fatalPh
                0x000000000800a11c      0x2f4 build_ak-base-kit-stm32l151-application/shell.o
                0x000000000800a11c                shell_fatal(unsigned char*)
 .text._Z11shell_flashPh
                0x000000000800a410      0x150 build_ak-base-kit-stm32l151-application/shell.o
                0x000000000800a410                shell_flash(unsigned char*)
 .text._Z9shell_epsPh
                0x000000000800a560       0xd0 build_ak-base-kit-stm32l151-application/shell.o
                0x000000000800a560                shell_eps(unsigned char*)
 .text._Z9shell_ramPh
                0x000000000800a630      0x20c build_ak-base-kit-stm32l151-application/shell.o
                0x000000000800a630                shell_ram(unsigned char*)
 .text._Z10shell_bootPh
                0x000000000800a83c       0xdc build_ak-base-kit-stm32l151-application/shell.o
                0x000000000800a83c                shell_boot(unsigned char*)
 .text._Z9shell_fwuPh
                0x000000000800a918       0x34 build_ak-base-kit-stm32l151-application/shell.o
                0x000000000800a918                shell_fwu(unsigned char*)
 .text._Z12shell_buzzerPh
                0x000000000800a94c       0x88 build_ak-base-kit-stm32l151-application/shell.o
                0x000000000800a94c                shell_buzzer(unsigned char*)
 .text._Z9shell_dbgPh
                0x000000000800a9d4       0x38 build_ak-base-kit-stm32l151-application/shell.o
                0x000000000800a9d4                shell_dbg(unsigned char*)
 .text._Z12shell_modbusPh
                0x000000000800aa0c       0xe0 build_ak-base-kit-stm32l151-application/shell.o
                0x000000000800aa0c                shell_modbus(unsigned char*)
 .text._Z9shell_epiPh
                0x000000000800aaec        0x4 build_ak-base-kit-stm32l151-application/shell.o
                0x000000000800aaec                shell_epi(unsigned char*)
 .text._Z9shell_lcdPh
                0x000000000800aaf0      0x15c build_ak-base-kit-stm32l151-application/shell.o
                0x000000000800aaf0                shell_lcd(unsigned char*)
 .text.sys_irq_shell
                0x000000000800ac4c       0x2c build_ak-base-kit-stm32l151-application/task_shell.o
                0x000000000800ac4c                sys_irq_shell
 .text._Z10task_shellP8ak_msg_t
                0x000000000800ac78       0x7c build_ak-base-kit-stm32l151-application/task_shell.o
                0x000000000800ac78                task_shell(ak_msg_t*)
 .text._Z9task_lifeP8ak_msg_t
                0x000000000800acf4       0x20 build_ak-base-kit-stm32l151-application/task_life.o
                0x000000000800acf4                task_life(ak_msg_t*)
 .text._Z7task_fwP8ak_msg_t
                0x000000000800ad14      0x490 build_ak-base-kit-stm32l151-application/task_fw.o
                0x000000000800ad14                task_fw(ak_msg_t*)
 .text._Z12task_displayP8ak_msg_t
                0x000000000800b1a4        0x4 build_ak-base-kit-stm32l151-application/task_display.o
                0x000000000800b1a4                task_display(ak_msg_t*)
 .text._Z7task_ifP8ak_msg_t
                0x000000000800b1a8       0xe4 build_ak-base-kit-stm32l151-application/task_if.o
                0x000000000800b1a8                task_if(ak_msg_t*)
 .text._Z12task_rf24_ifP8ak_msg_t
                0x000000000800b28c       0xb4 build_ak-base-kit-stm32l151-application/task_rf24_if.o
                0x000000000800b28c                task_rf24_if(ak_msg_t*)
 .text._Z12task_uart_ifP8ak_msg_t
                0x000000000800b340       0xc0 build_ak-base-kit-stm32l151-application/task_uart_if.o
                0x000000000800b340                task_uart_if(ak_msg_t*)
 .text._Z8task_dbgP8ak_msg_t
                0x000000000800b400        0x2 build_ak-base-kit-stm32l151-application/task_dbg.o
                0x000000000800b400                task_dbg(ak_msg_t*)
 .text._ZL19view_render_dynamicPv
                0x000000000800b402        0xa build_ak-base-kit-stm32l151-application/view_render.o
 .text._Z22view_render_display_onv
                0x000000000800b40c        0xc build_ak-base-kit-stm32l151-application/view_render.o
                0x000000000800b40c                view_render_display_on()
 .text.startup._GLOBAL__sub_I_view_render
                0x000000000800b418        0xc build_ak-base-kit-stm32l151-application/view_render.o
 .text.exit._GLOBAL__sub_D_view_render
                0x000000000800b424        0xc build_ak-base-kit-stm32l151-application/view_render.o
 .text._Z18view_render_screenP13view_screen_t
                0x000000000800b430       0x68 build_ak-base-kit-stm32l151-application/view_render.o
                0x000000000800b430                view_render_screen(view_screen_t*)
 .text._ZL21view_render_rectanglePv
                0x000000000800b498       0xe8 build_ak-base-kit-stm32l151-application/view_render.o
 .text._Z12scr_mng_ctorP9scr_mng_tPFvP8ak_msg_tEP13view_screen_t
                0x000000000800b580       0x20 build_ak-base-kit-stm32l151-application/screen_manager.o
                0x000000000800b580                scr_mng_ctor(scr_mng_t*, void (*)(ak_msg_t*), view_screen_t*)
 .text._Z16scr_mng_dispatchP8ak_msg_t
                0x000000000800b5a0       0x48 build_ak-base-kit-stm32l151-application/screen_manager.o
                0x000000000800b5a0                scr_mng_dispatch(ak_msg_t*)
 .text._ZN12Adafruit_GFX8drawLineEsssst
                0x000000000800b5e8       0xbe build_ak-base-kit-stm32l151-application/Adafruit_GFX.o
                0x000000000800b5e8                Adafruit_GFX::drawLine(short, short, short, short, unsigned short)
 .text._ZN12Adafruit_GFX8drawRectEsssst
                0x000000000800b6a6       0x68 build_ak-base-kit-stm32l151-application/Adafruit_GFX.o
                0x000000000800b6a6                Adafruit_GFX::drawRect(short, short, short, short, unsigned short)
 .text._ZN12Adafruit_GFX13drawFastVLineEssst
                0x000000000800b70e       0x1c build_ak-base-kit-stm32l151-application/Adafruit_GFX.o
                0x000000000800b70e                Adafruit_GFX::drawFastVLine(short, short, short, unsigned short)
 .text._ZN12Adafruit_GFX13drawFastHLineEssst
                0x000000000800b72a       0x1a build_ak-base-kit-stm32l151-application/Adafruit_GFX.o
                0x000000000800b72a                Adafruit_GFX::drawFastHLine(short, short, short, unsigned short)
 .text._ZN12Adafruit_GFX8fillRectEsssst
                0x000000000800b744       0x38 build_ak-base-kit-stm32l151-application/Adafruit_GFX.o
                0x000000000800b744                Adafruit_GFX::fillRect(short, short, short, short, unsigned short)
 .text._ZN12Adafruit_GFX10fillScreenEt
                0x000000000800b77c       0x1c build_ak-base-kit-stm32l151-application/Adafruit_GFX.o
                0x000000000800b77c                Adafruit_GFX::fillScreen(unsigned short)
 .text._ZN12Adafruit_GFXC2Ess
                0x000000000800b798       0x28 build_ak-base-kit-stm32l151-application/Adafruit_GFX.o
                0x000000000800b798                Adafruit_GFX::Adafruit_GFX(short, short)
                0x000000000800b798                Adafruit_GFX::Adafruit_GFX(short, short)
 .text._ZN12Adafruit_GFX10drawCircleEssst
                0x000000000800b7c0      0x172 build_ak-base-kit-stm32l151-application/Adafruit_GFX.o
                0x000000000800b7c0                Adafruit_GFX::drawCircle(short, short, short, unsigned short)
 .text._ZN12Adafruit_GFX16fillCircleHelperEssshst
                0x000000000800b932      0x124 build_ak-base-kit-stm32l151-application/Adafruit_GFX.o
                0x000000000800b932                Adafruit_GFX::fillCircleHelper(short, short, short, unsigned char, short, unsigned short)
 .text._ZN12Adafruit_GFX10fillCircleEssst
                0x000000000800ba56       0x4a build_ak-base-kit-stm32l151-application/Adafruit_GFX.o
                0x000000000800ba56                Adafruit_GFX::fillCircle(short, short, short, unsigned short)
 .text._ZN12Adafruit_GFX8drawCharEsshtth
                0x000000000800baa0      0x108 build_ak-base-kit-stm32l151-application/Adafruit_GFX.o
                0x000000000800baa0                Adafruit_GFX::drawChar(short, short, unsigned char, unsigned short, unsigned short, unsigned char)
 .text._ZN12Adafruit_GFX5writeEh
                0x000000000800bba8       0x64 build_ak-base-kit-stm32l151-application/Adafruit_GFX.o
                0x000000000800bba8                Adafruit_GFX::write(unsigned char)
 .text._ZN12Adafruit_GFX9setCursorEss
                0x000000000800bc0c        0x6 build_ak-base-kit-stm32l151-application/Adafruit_GFX.o
                0x000000000800bc0c                Adafruit_GFX::setCursor(short, short)
 .text._ZN12Adafruit_GFX11setTextSizeEh
                0x000000000800bc12        0xa build_ak-base-kit-stm32l151-application/Adafruit_GFX.o
                0x000000000800bc12                Adafruit_GFX::setTextSize(unsigned char)
 .text._ZN12Adafruit_GFX12setTextColorEt
                0x000000000800bc1c        0x6 build_ak-base-kit-stm32l151-application/Adafruit_GFX.o
                0x000000000800bc1c                Adafruit_GFX::setTextColor(unsigned short)
 .text._ZN12Adafruit_GFX5widthEv
                0x000000000800bc22        0x6 build_ak-base-kit-stm32l151-application/Adafruit_GFX.o
                0x000000000800bc22                Adafruit_GFX::width()
 .text._ZN12Adafruit_GFX6heightEv
                0x000000000800bc28        0x6 build_ak-base-kit-stm32l151-application/Adafruit_GFX.o
                0x000000000800bc28                Adafruit_GFX::height()
 .text._ZN19Adafruit_ssd1306syp9updateRowEii
                0x000000000800bc2e       0x1e build_ak-base-kit-stm32l151-application/Adafruit_ssd1306syp.o
                0x000000000800bc2e                Adafruit_ssd1306syp::updateRow(int, int)
 .text._ZN19Adafruit_ssd1306syp9drawPixelEsst
                0x000000000800bc4c       0x52 build_ak-base-kit-stm32l151-application/Adafruit_ssd1306syp.o
                0x000000000800bc4c                Adafruit_ssd1306syp::drawPixel(short, short, unsigned short)
 *fill*         0x000000000800bc9e        0x2 
 .text._ZN19Adafruit_ssd1306sypC2Ev
                0x000000000800bca0       0x24 build_ak-base-kit-stm32l151-application/Adafruit_ssd1306syp.o
                0x000000000800bca0                Adafruit_ssd1306syp::Adafruit_ssd1306syp()
                0x000000000800bca0                Adafruit_ssd1306syp::Adafruit_ssd1306syp()
 .text._ZN19Adafruit_ssd1306sypD2Ev
                0x000000000800bcc4        0x2 build_ak-base-kit-stm32l151-application/Adafruit_ssd1306syp.o
                0x000000000800bcc4                Adafruit_ssd1306syp::~Adafruit_ssd1306syp()
                0x000000000800bcc4                Adafruit_ssd1306syp::~Adafruit_ssd1306syp()
 .text._ZN19Adafruit_ssd1306syp5clearEb
                0x000000000800bcc6       0x22 build_ak-base-kit-stm32l151-application/Adafruit_ssd1306syp.o
                0x000000000800bcc6                Adafruit_ssd1306syp::clear(bool)
 .text._ZN19Adafruit_ssd1306syp9writeByteEh
                0x000000000800bce8       0x54 build_ak-base-kit-stm32l151-application/Adafruit_ssd1306syp.o
                0x000000000800bce8                Adafruit_ssd1306syp::writeByte(unsigned char)
 .text._ZN19Adafruit_ssd1306syp8startIICEv
                0x000000000800bd3c       0x2c build_ak-base-kit-stm32l151-application/Adafruit_ssd1306syp.o
                0x000000000800bd3c                Adafruit_ssd1306syp::startIIC()
 .text._ZN19Adafruit_ssd1306syp7stopIICEv
                0x000000000800bd68       0x2c build_ak-base-kit-stm32l151-application/Adafruit_ssd1306syp.o
                0x000000000800bd68                Adafruit_ssd1306syp::stopIIC()
 .text._ZN19Adafruit_ssd1306syp12writeCommandEh
                0x000000000800bd94       0x2c build_ak-base-kit-stm32l151-application/Adafruit_ssd1306syp.o
                0x000000000800bd94                Adafruit_ssd1306syp::writeCommand(unsigned char)
 .text._ZN19Adafruit_ssd1306syp10initializeEv
                0x000000000800bdc0       0xf4 build_ak-base-kit-stm32l151-application/Adafruit_ssd1306syp.o
                0x000000000800bdc0                Adafruit_ssd1306syp::initialize()
 .text._ZN19Adafruit_ssd1306syp10display_onEv
                0x000000000800beb4        0x6 build_ak-base-kit-stm32l151-application/Adafruit_ssd1306syp.o
                0x000000000800beb4                Adafruit_ssd1306syp::display_on()
 .text._ZN19Adafruit_ssd1306syp11display_offEv
                0x000000000800beba        0x6 build_ak-base-kit-stm32l151-application/Adafruit_ssd1306syp.o
                0x000000000800beba                Adafruit_ssd1306syp::display_off()
 .text._ZN19Adafruit_ssd1306syp17startDataSequenceEv
                0x000000000800bec0       0x1c build_ak-base-kit-stm32l151-application/Adafruit_ssd1306syp.o
                0x000000000800bec0                Adafruit_ssd1306syp::startDataSequence()
 .text._ZN19Adafruit_ssd1306syp6updateEv
                0x000000000800bedc       0x70 build_ak-base-kit-stm32l151-application/Adafruit_ssd1306syp.o
                0x000000000800bedc                Adafruit_ssd1306syp::update()
 .text._ZN19Adafruit_ssd1306syp9updateRowEi
                0x000000000800bf4c       0x6c build_ak-base-kit-stm32l151-application/Adafruit_ssd1306syp.o
                0x000000000800bf4c                Adafruit_ssd1306syp::updateRow(int)
 .text.eeprom_read
                0x000000000800bfb8        0x4 build_ak-base-kit-stm32l151-application/eeprom.o
                0x000000000800bfb8                eeprom_read
 .text.eeprom_erase
                0x000000000800bfbc        0x4 build_ak-base-kit-stm32l151-application/eeprom.o
                0x000000000800bfbc                eeprom_erase
 .text._Z16nrf_nwk_pdu_initv
                0x000000000800bfc0       0x3c build_ak-base-kit-stm32l151-application/nrf_data.o
                0x000000000800bfc0                nrf_nwk_pdu_init()
 .text._Z18nrf_nwk_pdu_mallocv
                0x000000000800bffc       0x44 build_ak-base-kit-stm32l151-application/nrf_data.o
                0x000000000800bffc                nrf_nwk_pdu_malloc()
 .text._Z16nrf_nwk_pdu_freeP13nrf_nwk_pdu_t
                0x000000000800c040       0x2c build_ak-base-kit-stm32l151-application/nrf_data.o
                0x000000000800c040                nrf_nwk_pdu_free(nrf_nwk_pdu_t*)
 .text._Z15nrf_nwk_pdu_getm
                0x000000000800c06c       0x20 build_ak-base-kit-stm32l151-application/nrf_data.o
                0x000000000800c06c                nrf_nwk_pdu_get(unsigned long)
 .text._Z16nrf_nwk_pdu_freem
                0x000000000800c08c       0x54 build_ak-base-kit-stm32l151-application/nrf_data.o
                0x000000000800c08c                nrf_nwk_pdu_free(unsigned long)
 .text._Z23nrf_set_static_nwk_addrt
                0x000000000800c0e0       0x2c build_ak-base-kit-stm32l151-application/nrf_data.o
                0x000000000800c0e0                nrf_set_static_nwk_addr(unsigned short)
 .text._Z23nrf_get_static_nwk_addrv
                0x000000000800c10c       0x34 build_ak-base-kit-stm32l151-application/nrf_data.o
                0x000000000800c10c                nrf_get_static_nwk_addr()
 .text._Z20nrf_set_des_nwk_addrt
                0x000000000800c140       0x2c build_ak-base-kit-stm32l151-application/nrf_data.o
                0x000000000800c140                nrf_set_des_nwk_addr(unsigned short)
 .text._Z20nrf_get_des_nwk_addrv
                0x000000000800c16c       0x34 build_ak-base-kit-stm32l151-application/nrf_data.o
                0x000000000800c16c                nrf_get_des_nwk_addr()
 .text._Z20nrf_get_des_phy_addrv
                0x000000000800c1a0       0x28 build_ak-base-kit-stm32l151-application/nrf_data.o
                0x000000000800c1a0                nrf_get_des_phy_addr()
 .text._Z20nrf_get_src_phy_addrv
                0x000000000800c1c8       0x28 build_ak-base-kit-stm32l151-application/nrf_data.o
                0x000000000800c1c8                nrf_get_src_phy_addr()
 .text._ZL17set_mac_rev_state15mac_rev_state_e
                0x000000000800c1f0       0x14 build_ak-base-kit-stm32l151-application/nrf_mac.o
 .text._ZL18set_mac_send_state16mac_send_state_e
                0x000000000800c204       0x2c build_ak-base-kit-stm32l151-application/nrf_mac.o
 .text._Z13task_rf24_macP8ak_msg_t
                0x000000000800c230      0x3a4 build_ak-base-kit-stm32l151-application/nrf_mac.o
                0x000000000800c230                task_rf24_mac(ak_msg_t*)
 .text._Z16nrf_nwk_fsm_idleP8ak_msg_t
                0x000000000800c5d4      0x250 build_ak-base-kit-stm32l151-application/nrf_nwk.o
                0x000000000800c5d4                nrf_nwk_fsm_idle(ak_msg_t*)
 .text._Z13task_rf24_nwkP8ak_msg_t
                0x000000000800c824        0xc build_ak-base-kit-stm32l151-application/nrf_nwk.o
                0x000000000800c824                task_rf24_nwk(ak_msg_t*)
 .text._Z16nrf_nwk_fsm_initP8ak_msg_t
                0x000000000800c830       0x38 build_ak-base-kit-stm32l151-application/nrf_nwk.o
                0x000000000800c830                nrf_nwk_fsm_init(ak_msg_t*)
 .text.sys_irq_nrf24l01
                0x000000000800c868       0x90 build_ak-base-kit-stm32l151-application/nrf_phy.o
                0x000000000800c868                sys_irq_nrf24l01
 .text._Z23nrf_phy_switch_ptx_modev
                0x000000000800c8f8       0x24 build_ak-base-kit-stm32l151-application/nrf_phy.o
                0x000000000800c8f8                nrf_phy_switch_ptx_mode()
 .text._Z23nrf_phy_switch_prx_modev
                0x000000000800c91c       0x30 build_ak-base-kit-stm32l151-application/nrf_phy.o
                0x000000000800c91c                nrf_phy_switch_prx_mode()
 .text._Z13task_rf24_phyP8ak_msg_t
                0x000000000800c94c      0x1ac build_ak-base-kit-stm32l151-application/nrf_phy.o
                0x000000000800c94c                task_rf24_phy(ak_msg_t*)
 .text._ZL19link_hal_write_byteh
                0x000000000800caf8        0x2 build_ak-base-kit-stm32l151-application/link_hal.o
 .text._ZL17link_hal_rev_byteh
                0x000000000800cafa        0x4 build_ak-base-kit-stm32l151-application/link_hal.o
 *fill*         0x000000000800cafe        0x2 
 .text._Z23link_hal_reg_write_bytePFhhE
                0x000000000800cb00       0x28 build_ak-base-kit-stm32l151-application/link_hal.o
                0x000000000800cb00                link_hal_reg_write_byte(unsigned char (*)(unsigned char))
 .text._Z21link_hal_reg_rev_bytePFhhE
                0x000000000800cb28       0x28 build_ak-base-kit-stm32l151-application/link_hal.o
                0x000000000800cb28                link_hal_reg_rev_byte(unsigned char (*)(unsigned char))
 .text._ZL21fsm_link_state_handleP8ak_msg_t
                0x000000000800cb50      0x2b0 build_ak-base-kit-stm32l151-application/link.o
 .text._ZL19fsm_link_state_initP8ak_msg_t
                0x000000000800ce00       0x80 build_ak-base-kit-stm32l151-application/link.o
 .text._Z9task_linkP8ak_msg_t
                0x000000000800ce80        0xc build_ak-base-kit-stm32l151-application/link.o
                0x000000000800ce80                task_link(ak_msg_t*)
 .text._Z23link_init_state_machinev
                0x000000000800ce8c       0x2c build_ak-base-kit-stm32l151-application/link.o
                0x000000000800ce8c                link_init_state_machine()
 .text._ZL23link_mac_frame_send_reqv
                0x000000000800ceb8       0x3c build_ak-base-kit-stm32l151-application/link_mac.o
 .text._ZL23link_mac_frame_send_endv
                0x000000000800cef4       0x34 build_ak-base-kit-stm32l151-application/link_mac.o
 .text._ZL28link_mac_frame_cals_checksumP16link_mac_frame_t.constprop.0
                0x000000000800cf28       0x38 build_ak-base-kit-stm32l151-application/link_mac.o
 .text._Z25fsm_link_mac_state_handleP8ak_msg_t
                0x000000000800cf60      0x2b8 build_ak-base-kit-stm32l151-application/link_mac.o
                0x000000000800cf60                fsm_link_mac_state_handle(ak_msg_t*)
 .text._Z13task_link_macP8ak_msg_t
                0x000000000800d218        0xc build_ak-base-kit-stm32l151-application/link_mac.o
                0x000000000800d218                task_link_mac(ak_msg_t*)
 .text._Z23fsm_link_mac_state_initP8ak_msg_t
                0x000000000800d224       0x88 build_ak-base-kit-stm32l151-application/link_mac.o
                0x000000000800d224                fsm_link_mac_state_init(ak_msg_t*)
 .text._ZL26link_phy_frame_write_blockPhm
                0x000000000800d2ac       0x1c build_ak-base-kit-stm32l151-application/link_phy.o
 .text._ZL20link_phy_frame_writeP16link_phy_frame_t
                0x000000000800d2c8       0x1c build_ak-base-kit-stm32l151-application/link_phy.o
 .text._ZL28link_phy_frame_cals_checksumP16link_phy_frame_t
                0x000000000800d2e4       0x38 build_ak-base-kit-stm32l151-application/link_phy.o
 .text._ZL25link_phy_frame_write_byteh
                0x000000000800d31c        0xc build_ak-base-kit-stm32l151-application/link_phy.o
 .text._ZL26ac_link_phy_frame_rev_byteh
                0x000000000800d328      0x100 build_ak-base-kit-stm32l151-application/link_phy.o
 .text._ZL19link_phy_frame_sendv
                0x000000000800d428       0x2c build_ak-base-kit-stm32l151-application/link_phy.o
 .text._Z25fsm_link_phy_state_handleP8ak_msg_t
                0x000000000800d454      0x1f0 build_ak-base-kit-stm32l151-application/link_phy.o
                0x000000000800d454                fsm_link_phy_state_handle(ak_msg_t*)
 .text._Z13task_link_phyP8ak_msg_t
                0x000000000800d644        0xc build_ak-base-kit-stm32l151-application/link_phy.o
                0x000000000800d644                task_link_phy(ak_msg_t*)
 .text._Z23fsm_link_phy_state_initP8ak_msg_t
                0x000000000800d650       0x90 build_ak-base-kit-stm32l151-application/link_phy.o
                0x000000000800d650                fsm_link_phy_state_init(ak_msg_t*)
 .text._Z26link_phy_get_send_frame_tov
                0x000000000800d6e0       0x10 build_ak-base-kit-stm32l151-application/link_phy.o
                0x000000000800d6e0                link_phy_get_send_frame_to()
 .text._Z13link_pdu_initv
                0x000000000800d6f0       0x54 build_ak-base-kit-stm32l151-application/link_data.o
                0x000000000800d6f0                link_pdu_init()
 .text._Z15link_pdu_mallocv
                0x000000000800d744       0x24 build_ak-base-kit-stm32l151-application/link_data.o