sources/platform/stm32l/io_cfg.c:28:6:led_B5_init	16	static
sources/platform/stm32l/io_cfg.c:41:6:led_B5_on	0	static
sources/platform/stm32l/io_cfg.c:45:6:led_B5_off	0	static
sources/platform/stm32l/io_cfg.c:52:6:io_button_mode_init	16	static
sources/platform/stm32l/io_cfg.c:65:6:io_button_up_init	16	static
sources/platform/stm32l/io_cfg.c:78:6:io_button_down_init	16	static
sources/platform/stm32l/io_cfg.c:91:9:io_button_mode_read	0	static
sources/platform/stm32l/io_cfg.c:95:9:io_button_up_read	0	static
sources/platform/stm32l/io_cfg.c:99:9:io_button_down_read	0	static
sources/platform/stm32l/io_cfg.c:106:6:led_life_init	16	static
sources/platform/stm32l/io_cfg.c:119:6:led_life_on	0	static
sources/platform/stm32l/io_cfg.c:123:6:led_life_off	0	static
sources/platform/stm32l/io_cfg.c:130:6:nrf24l01_io_ctrl_init	40	static
sources/platform/stm32l/io_cfg.c:181:6:nrf24l01_spi_ctrl_init	40	static
sources/platform/stm32l/io_cfg.c:233:6:nrf24l01_ce_low	0	static
sources/platform/stm32l/io_cfg.c:237:6:nrf24l01_ce_high	0	static
sources/platform/stm32l/io_cfg.c:241:6:nrf24l01_csn_low	0	static
sources/platform/stm32l/io_cfg.c:245:6:nrf24l01_csn_high	0	static
sources/platform/stm32l/io_cfg.c:279:6:flash_io_ctrl_init	16	static
sources/platform/stm32l/io_cfg.c:292:6:flash_cs_low	0	static
sources/platform/stm32l/io_cfg.c:296:6:flash_cs_high	0	static
sources/platform/stm32l/io_cfg.c:300:9:flash_transfer	24	static
sources/platform/stm32l/io_cfg.c:249:9:nrf24l01_spi_rw	0	static
sources/platform/stm32l/io_cfg.c:334:6:io_cfg_adc1	32	static
sources/platform/stm32l/io_cfg.c:350:6:adc_bat_io_cfg	16	static
sources/platform/stm32l/io_cfg.c:360:10:adc_bat_io_read	8	static
sources/platform/stm32l/io_cfg.c:369:10:sys_ctr_get_vbat_voltage	16	static
sources/platform/stm32l/io_cfg.c:391:10:sys_ctr_get_mcu_temperature	8	static
sources/platform/stm32l/io_cfg.c:418:6:ssd1306_clk_input_mode	16	static
sources/platform/stm32l/io_cfg.c:430:6:ssd1306_clk_output_mode	16	static
sources/platform/stm32l/io_cfg.c:443:6:ssd1306_clk_digital_write_low	0	static
sources/platform/stm32l/io_cfg.c:447:6:ssd1306_clk_digital_write_high	0	static
sources/platform/stm32l/io_cfg.c:451:5:ssd1306_clk_digital_read	8	static
sources/platform/stm32l/io_cfg.c:455:6:ssd1306_data_input_mode	16	static
sources/platform/stm32l/io_cfg.c:467:6:ssd1306_data_output_mode	16	static
sources/platform/stm32l/io_cfg.c:478:6:ssd1306_data_digital_write_low	0	static
sources/platform/stm32l/io_cfg.c:482:6:ssd1306_data_digital_write_high	0	static
sources/platform/stm32l/io_cfg.c:486:5:ssd1306_data_digital_read	8	static
sources/platform/stm32l/io_cfg.c:491:6:ssd1306_res_input_mode	16	static
sources/platform/stm32l/io_cfg.c:503:6:ssd1306_res_output_mode	16	static
sources/platform/stm32l/io_cfg.c:514:6:ssd1306_res_digital_write_low	0	static
sources/platform/stm32l/io_cfg.c:518:6:ssd1306_res_digital_write_high	0	static
sources/platform/stm32l/io_cfg.c:522:5:ssd1306_res_digital_read	8	static
sources/platform/stm32l/io_cfg.c:531:9:io_eeprom_read	16	static
sources/platform/stm32l/io_cfg.c:547:9:io_eeprom_write	24	static
sources/platform/stm32l/io_cfg.c:577:9:io_eeprom_erase	16	static
sources/platform/stm32l/io_cfg.c:610:6:internal_flash_unlock	8	static
sources/platform/stm32l/io_cfg.c:616:6:internal_flash_lock	0	static
sources/platform/stm32l/io_cfg.c:620:6:internal_flash_erase_pages_cal	16	static
sources/platform/stm32l/io_cfg.c:635:9:internal_flash_write_cal	32	static
sources/platform/stm32l/io_cfg.c:659:6:io_uart2_cfg	48	static
sources/platform/stm32l/io_cfg.c:711:6:io_uart2_putc	8	static
sources/platform/stm32l/io_cfg.c:722:9:io_uart2_getc	16	static
sources/platform/stm32l/io_cfg.c:734:6:io_uart_rs485_cfg	24	static
sources/platform/stm32l/io_cfg.c:773:6:io_rs485_dir_mode_output	16	static
sources/platform/stm32l/io_cfg.c:784:6:io_rs485_dir_low	0	static
sources/platform/stm32l/io_cfg.c:788:6:io_rs485_dir_high	0	static
