sources/app/shell.cpp:158:7:char* str_parser_get_attr(uint8_t)	0	static
sources/app/shell.cpp:430:9:int32_t shell_stt(uint8_t*)	0	static
sources/app/shell.cpp:918:9:int32_t shell_psv(uint8_t*)	0	static
sources/app/shell.cpp:168:9:int32_t shell_chat(uint8_t*)	48	static
sources/app/shell.cpp:210:9:int32_t shell_reset(uint8_t*)	8	static
sources/app/shell.cpp:249:9:int32_t shell_help(uint8_t*)	16	static
sources/app/shell.cpp:216:9:int32_t shell_ver(uint8_t*)	40	static
sources/app/shell.cpp:263:9:int32_t shell_reboot(uint8_t*)	8	static
sources/app/shell.cpp:132:9:uint8_t str_parser(char*)	24	static
sources/app/shell.cpp:270:9:int32_t shell_fatal(uint8_t*)	128	static
sources/app/shell.cpp:493:9:int32_t shell_flash(uint8_t*)	32	static
sources/app/shell.cpp:440:9:int32_t shell_eps(uint8_t*)	24	static
sources/app/shell.cpp:686:9:int32_t shell_ram(uint8_t*)	24	static
sources/app/shell.cpp:835:9:int32_t shell_boot(uint8_t*)	104	static
sources/app/shell.cpp:901:9:int32_t shell_fwu(uint8_t*)	96	static
sources/app/shell.cpp:924:9:int32_t shell_buzzer(uint8_t*)	8	static
sources/app/shell.cpp:647:9:int32_t shell_dbg(uint8_t*)	8	static
sources/app/shell.cpp:964:9:int32_t shell_modbus(uint8_t*)	24	static
sources/app/shell.cpp:435:9:int32_t shell_epi(uint8_t*)	0	static
sources/app/shell.cpp:566:9:int32_t shell_lcd(uint8_t*)	8	static
